Archive member included because of file (symbol)

.\CortexM0p\ARM_GCC_493\Debug\OLED.a(cyfitter_cfg.o)
                              .\CortexM0p\ARM_GCC_493\Debug\Cm0plusStart.o (cyfitter_cfg)
.\CortexM0p\ARM_GCC_493\Debug\OLED.a(I2COLED.o)
                              .\CortexM0p\ARM_GCC_493\Debug\main.o (I2COLED_Start)
.\CortexM0p\ARM_GCC_493\Debug\OLED.a(I2COLED_I2C.o)
                              .\CortexM0p\ARM_GCC_493\Debug\OLED.a(I2COLED.o) (I2COLED_I2CInit)
.\CortexM0p\ARM_GCC_493\Debug\OLED.a(I2COLED_I2C_MASTER.o)
                              .\CortexM0p\ARM_GCC_493\Debug\OLED.a(I2COLED_I2C.o) (I2COLED_mstrRdBufIndex)
.\CortexM0p\ARM_GCC_493\Debug\OLED.a(CyLib.o)
                              .\CortexM0p\ARM_GCC_493\Debug\OLED.a(I2COLED.o) (CyIntEnable)
.\CortexM0p\ARM_GCC_493\Debug\OLED.a(CyLFClk.o)
                              .\CortexM0p\ARM_GCC_493\Debug\OLED.a(CyLib.o) (CySysClkWcoEnabled)
.\CortexM0p\ARM_GCC_493\Debug\OLED.a(CyBootAsmGnu.o)
                              .\CortexM0p\ARM_GCC_493\Debug\OLED.a(CyLib.o) (CyDelayCycles)
.\CortexM0p\ARM_GCC_493\Debug\OLED.a(I2COLED_I2C_INT.o)
                              .\CortexM0p\ARM_GCC_493\Debug\OLED.a(I2COLED_I2C.o) (I2COLED_I2C_ISR)
.\CortexM0p\ARM_GCC_493\Debug\OLED.a(CyFlash.o)
                              .\CortexM0p\ARM_GCC_493\Debug\OLED.a(CyLib.o) (CySysFlashSetWaitCycles)
c:/program files (x86)/cypress/psoc creator/4.0/psoc creator/import/gnu/arm/4.9.3/bin/../lib/gcc/arm-none-eabi/4.9.3/armv6-m\libgcc.a(_udivsi3.o)
                              .\CortexM0p\ARM_GCC_493\Debug\OLED.a(CyLib.o) (__aeabi_uidiv)
c:/program files (x86)/cypress/psoc creator/4.0/psoc creator/import/gnu/arm/4.9.3/bin/../lib/gcc/arm-none-eabi/4.9.3/armv6-m\libgcc.a(_dvmd_tls.o)
                              c:/program files (x86)/cypress/psoc creator/4.0/psoc creator/import/gnu/arm/4.9.3/bin/../lib/gcc/arm-none-eabi/4.9.3/armv6-m\libgcc.a(_udivsi3.o) (__aeabi_idiv0)
c:/program files (x86)/cypress/psoc creator/4.0/psoc creator/import/gnu/arm/4.9.3/bin/../lib/gcc/arm-none-eabi/4.9.3/../../../../arm-none-eabi/lib/armv6-m\libg_nano.a(lib_a-errno.o)
                              .\CortexM0p\ARM_GCC_493\Debug\Cm0plusStart.o (__errno)
c:/program files (x86)/cypress/psoc creator/4.0/psoc creator/import/gnu/arm/4.9.3/bin/../lib/gcc/arm-none-eabi/4.9.3/../../../../arm-none-eabi/lib/armv6-m\libg_nano.a(lib_a-exit.o)
                              c:/program files (x86)/cypress/psoc creator/4.0/psoc creator/import/gnu/arm/4.9.3/bin/../lib/gcc/arm-none-eabi/4.9.3/../../../../arm-none-eabi/lib/armv6-m/crt0.o (exit)
c:/program files (x86)/cypress/psoc creator/4.0/psoc creator/import/gnu/arm/4.9.3/bin/../lib/gcc/arm-none-eabi/4.9.3/../../../../arm-none-eabi/lib/armv6-m\libg_nano.a(lib_a-impure.o)
                              c:/program files (x86)/cypress/psoc creator/4.0/psoc creator/import/gnu/arm/4.9.3/bin/../lib/gcc/arm-none-eabi/4.9.3/../../../../arm-none-eabi/lib/armv6-m\libg_nano.a(lib_a-exit.o) (_global_impure_ptr)
c:/program files (x86)/cypress/psoc creator/4.0/psoc creator/import/gnu/arm/4.9.3/bin/../lib/gcc/arm-none-eabi/4.9.3/../../../../arm-none-eabi/lib/armv6-m\libg_nano.a(lib_a-init.o)
                              c:/program files (x86)/cypress/psoc creator/4.0/psoc creator/import/gnu/arm/4.9.3/bin/../lib/gcc/arm-none-eabi/4.9.3/../../../../arm-none-eabi/lib/armv6-m/crt0.o (__libc_init_array)
c:/program files (x86)/cypress/psoc creator/4.0/psoc creator/import/gnu/arm/4.9.3/bin/../lib/gcc/arm-none-eabi/4.9.3/../../../../arm-none-eabi/lib/armv6-m\libg_nano.a(lib_a-memcpy.o)
                              .\CortexM0p\ARM_GCC_493\Debug\ssd1306.o (memcpy)
c:/program files (x86)/cypress/psoc creator/4.0/psoc creator/import/gnu/arm/4.9.3/bin/../lib/gcc/arm-none-eabi/4.9.3/../../../../arm-none-eabi/lib/armv6-m\libg_nano.a(lib_a-memset.o)
                              c:/program files (x86)/cypress/psoc creator/4.0/psoc creator/import/gnu/arm/4.9.3/bin/../lib/gcc/arm-none-eabi/4.9.3/../../../../arm-none-eabi/lib/armv6-m/crt0.o (memset)
c:/program files (x86)/cypress/psoc creator/4.0/psoc creator/import/gnu/arm/4.9.3/bin/../lib/gcc/arm-none-eabi/4.9.3/../../../../arm-none-eabi/lib/armv6-m\libg_nano.a(lib_a-strlen.o)
                              .\CortexM0p\ARM_GCC_493\Debug\ssd1306.o (strlen)

Allocating common symbols
Common symbol       size              file

I2COLED_mstrStatus  0x2               .\CortexM0p\ARM_GCC_493\Debug\OLED.a(I2COLED_I2C_MASTER.o)
I2COLED_mstrControl
                    0x1               .\CortexM0p\ARM_GCC_493\Debug\OLED.a(I2COLED_I2C_MASTER.o)
I2COLED_mstrWrBufIndexTmp
                    0x4               .\CortexM0p\ARM_GCC_493\Debug\OLED.a(I2COLED_I2C_MASTER.o)
I2COLED_state       0x1               .\CortexM0p\ARM_GCC_493\Debug\OLED.a(I2COLED_I2C.o)
I2COLED_mstrRdBufIndex
                    0x4               .\CortexM0p\ARM_GCC_493\Debug\OLED.a(I2COLED_I2C_MASTER.o)
I2COLED_mstrWrBufIndex
                    0x4               .\CortexM0p\ARM_GCC_493\Debug\OLED.a(I2COLED_I2C_MASTER.o)
WIDTH               0x2               .\CortexM0p\ARM_GCC_493\Debug\ssd1306.o
rotation            0x1               .\CortexM0p\ARM_GCC_493\Debug\ssd1306.o
I2COLED_mstrRdBufPtr
                    0x4               .\CortexM0p\ARM_GCC_493\Debug\OLED.a(I2COLED_I2C_MASTER.o)
HEIGHT              0x2               .\CortexM0p\ARM_GCC_493\Debug\ssd1306.o
I2COLED_mstrWrBufSize
                    0x4               .\CortexM0p\ARM_GCC_493\Debug\OLED.a(I2COLED_I2C_MASTER.o)
wrap                0x1               .\CortexM0p\ARM_GCC_493\Debug\ssd1306.o
I2COLED_mstrWrBufPtr
                    0x4               .\CortexM0p\ARM_GCC_493\Debug\OLED.a(I2COLED_I2C_MASTER.o)
I2COLED_mstrRdBufSize
                    0x4               .\CortexM0p\ARM_GCC_493\Debug\OLED.a(I2COLED_I2C_MASTER.o)

Discarded input sections

 .text          0x00000000        0x0 c:/program files (x86)/cypress/psoc creator/4.0/psoc creator/import/gnu/arm/4.9.3/bin/../lib/gcc/arm-none-eabi/4.9.3/armv6-m/crti.o
 .data          0x00000000        0x0 c:/program files (x86)/cypress/psoc creator/4.0/psoc creator/import/gnu/arm/4.9.3/bin/../lib/gcc/arm-none-eabi/4.9.3/armv6-m/crti.o
 .bss           0x00000000        0x0 c:/program files (x86)/cypress/psoc creator/4.0/psoc creator/import/gnu/arm/4.9.3/bin/../lib/gcc/arm-none-eabi/4.9.3/armv6-m/crti.o
 .data          0x00000000        0x4 c:/program files (x86)/cypress/psoc creator/4.0/psoc creator/import/gnu/arm/4.9.3/bin/../lib/gcc/arm-none-eabi/4.9.3/armv6-m/crtbegin.o
 .text          0x00000000       0x78 c:/program files (x86)/cypress/psoc creator/4.0/psoc creator/import/gnu/arm/4.9.3/bin/../lib/gcc/arm-none-eabi/4.9.3/../../../../arm-none-eabi/lib/armv6-m/crt0.o
 .data          0x00000000        0x0 c:/program files (x86)/cypress/psoc creator/4.0/psoc creator/import/gnu/arm/4.9.3/bin/../lib/gcc/arm-none-eabi/4.9.3/../../../../arm-none-eabi/lib/armv6-m/crt0.o
 .bss           0x00000000        0x0 c:/program files (x86)/cypress/psoc creator/4.0/psoc creator/import/gnu/arm/4.9.3/bin/../lib/gcc/arm-none-eabi/4.9.3/../../../../arm-none-eabi/lib/armv6-m/crt0.o
 .ARM.extab     0x00000000        0x0 c:/program files (x86)/cypress/psoc creator/4.0/psoc creator/import/gnu/arm/4.9.3/bin/../lib/gcc/arm-none-eabi/4.9.3/../../../../arm-none-eabi/lib/armv6-m/crt0.o
 .ARM.exidx     0x00000000        0x8 c:/program files (x86)/cypress/psoc creator/4.0/psoc creator/import/gnu/arm/4.9.3/bin/../lib/gcc/arm-none-eabi/4.9.3/../../../../arm-none-eabi/lib/armv6-m/crt0.o
 .text          0x00000000        0x0 .\CortexM0p\ARM_GCC_493\Debug\main.o
 .data          0x00000000        0x0 .\CortexM0p\ARM_GCC_493\Debug\main.o
 .bss           0x00000000        0x0 .\CortexM0p\ARM_GCC_493\Debug\main.o
 .text          0x00000000        0x0 .\CortexM0p\ARM_GCC_493\Debug\ssd1306.o
 .text.gfx_rotation
                0x00000000        0xc .\CortexM0p\ARM_GCC_493\Debug\ssd1306.o
 .text.gfx_setTextBg
                0x00000000        0xc .\CortexM0p\ARM_GCC_493\Debug\ssd1306.o
 .text.gfx_setTextWrap
                0x00000000        0xc .\CortexM0p\ARM_GCC_493\Debug\ssd1306.o
 .text          0x00000000        0x0 .\CortexM0p\ARM_GCC_493\Debug\cymetadata.o
 .data          0x00000000        0x0 .\CortexM0p\ARM_GCC_493\Debug\cymetadata.o
 .bss           0x00000000        0x0 .\CortexM0p\ARM_GCC_493\Debug\cymetadata.o
 .text          0x00000000        0x0 .\CortexM0p\ARM_GCC_493\Debug\Cm0plusStart.o
 .data          0x00000000        0x4 .\CortexM0p\ARM_GCC_493\Debug\Cm0plusStart.o
 .bss           0x00000000        0x0 .\CortexM0p\ARM_GCC_493\Debug\Cm0plusStart.o
 .text._exit    0x00000000        0xc .\CortexM0p\ARM_GCC_493\Debug\Cm0plusStart.o
 .text._sbrk    0x00000000       0x30 .\CortexM0p\ARM_GCC_493\Debug\Cm0plusStart.o
 .text          0x00000000        0x0 .\CortexM0p\ARM_GCC_493\Debug\OLED.a(cyfitter_cfg.o)
 .data          0x00000000        0x0 .\CortexM0p\ARM_GCC_493\Debug\OLED.a(cyfitter_cfg.o)
 .bss           0x00000000        0x0 .\CortexM0p\ARM_GCC_493\Debug\OLED.a(cyfitter_cfg.o)
 .text          0x00000000        0x0 .\CortexM0p\ARM_GCC_493\Debug\OLED.a(I2COLED.o)
 .data          0x00000000        0x0 .\CortexM0p\ARM_GCC_493\Debug\OLED.a(I2COLED.o)
 .text.I2COLED_ScbModeStop
                0x00000000        0x8 .\CortexM0p\ARM_GCC_493\Debug\OLED.a(I2COLED.o)
 .text.I2COLED_Stop
                0x00000000       0x2c .\CortexM0p\ARM_GCC_493\Debug\OLED.a(I2COLED.o)
 .text.I2COLED_SetRxFifoLevel
                0x00000000       0x14 .\CortexM0p\ARM_GCC_493\Debug\OLED.a(I2COLED.o)
 .text.I2COLED_SetTxFifoLevel
                0x00000000       0x14 .\CortexM0p\ARM_GCC_493\Debug\OLED.a(I2COLED.o)
 .text.I2COLED_SetCustomInterruptHandler
                0x00000000        0xc .\CortexM0p\ARM_GCC_493\Debug\OLED.a(I2COLED.o)
 .text          0x00000000        0x0 .\CortexM0p\ARM_GCC_493\Debug\OLED.a(I2COLED_I2C.o)
 .data          0x00000000        0x0 .\CortexM0p\ARM_GCC_493\Debug\OLED.a(I2COLED_I2C.o)
 .bss           0x00000000        0x0 .\CortexM0p\ARM_GCC_493\Debug\OLED.a(I2COLED_I2C.o)
 .text.I2COLED_I2CStop
                0x00000000        0xc .\CortexM0p\ARM_GCC_493\Debug\OLED.a(I2COLED_I2C.o)
 .text          0x00000000        0x0 .\CortexM0p\ARM_GCC_493\Debug\OLED.a(I2COLED_I2C_MASTER.o)
 .data          0x00000000        0x0 .\CortexM0p\ARM_GCC_493\Debug\OLED.a(I2COLED_I2C_MASTER.o)
 .bss           0x00000000        0x0 .\CortexM0p\ARM_GCC_493\Debug\OLED.a(I2COLED_I2C_MASTER.o)
 .text.I2COLED_I2CMasterSendStart
                0x00000000       0xd8 .\CortexM0p\ARM_GCC_493\Debug\OLED.a(I2COLED_I2C_MASTER.o)
 .text.I2COLED_I2CMasterSendStop
                0x00000000       0x8c .\CortexM0p\ARM_GCC_493\Debug\OLED.a(I2COLED_I2C_MASTER.o)
 .text.I2COLED_I2CMasterWriteByte
                0x00000000       0x98 .\CortexM0p\ARM_GCC_493\Debug\OLED.a(I2COLED_I2C_MASTER.o)
 .text.I2COLED_I2CMasterReadByte
                0x00000000       0x84 .\CortexM0p\ARM_GCC_493\Debug\OLED.a(I2COLED_I2C_MASTER.o)
 .text.I2COLED_I2CMasterGetReadBufSize
                0x00000000        0xc .\CortexM0p\ARM_GCC_493\Debug\OLED.a(I2COLED_I2C_MASTER.o)
 .text.I2COLED_I2CMasterClearReadBuf
                0x00000000       0x28 .\CortexM0p\ARM_GCC_493\Debug\OLED.a(I2COLED_I2C_MASTER.o)
 .text.I2COLED_I2CMasterClearWriteBuf
                0x00000000       0x28 .\CortexM0p\ARM_GCC_493\Debug\OLED.a(I2COLED_I2C_MASTER.o)
 .text.I2COLED_I2CMasterReadBuf
                0x00000000       0xfc .\CortexM0p\ARM_GCC_493\Debug\OLED.a(I2COLED_I2C_MASTER.o)
 .text.I2COLED_I2CMasterSendRestart
                0x00000000       0xc4 .\CortexM0p\ARM_GCC_493\Debug\OLED.a(I2COLED_I2C_MASTER.o)
 .text          0x00000000        0x0 .\CortexM0p\ARM_GCC_493\Debug\OLED.a(CyLib.o)
 .bss           0x00000000       0x18 .\CortexM0p\ARM_GCC_493\Debug\OLED.a(CyLib.o)
 .text.CySysClkImoStart
                0x00000000       0x14 .\CortexM0p\ARM_GCC_493\Debug\OLED.a(CyLib.o)
 .text.CySysClkImoStop
                0x00000000       0x18 .\CortexM0p\ARM_GCC_493\Debug\OLED.a(CyLib.o)
 .text.CySysClkWriteHfclkDirect
                0x00000000       0x20 .\CortexM0p\ARM_GCC_493\Debug\OLED.a(CyLib.o)
 .text.CySysEnablePumpClock
                0x00000000       0x34 .\CortexM0p\ARM_GCC_493\Debug\OLED.a(CyLib.o)
 .text.CySysClkGetSysclkSource
                0x00000000       0x1c .\CortexM0p\ARM_GCC_493\Debug\OLED.a(CyLib.o)
 .text.CySysClkWriteSysclkDiv
                0x00000000       0x24 .\CortexM0p\ARM_GCC_493\Debug\OLED.a(CyLib.o)
 .text.CySysClkWriteHfclkDiv
                0x00000000       0x24 .\CortexM0p\ARM_GCC_493\Debug\OLED.a(CyLib.o)
 .text.CySysGetResetReason
                0x00000000       0x14 .\CortexM0p\ARM_GCC_493\Debug\OLED.a(CyLib.o)
 .text.CyDisableInts
                0x00000000       0x10 .\CortexM0p\ARM_GCC_493\Debug\OLED.a(CyLib.o)
 .text.CyEnableInts
                0x00000000        0xc .\CortexM0p\ARM_GCC_493\Debug\OLED.a(CyLib.o)
 .text.CyIntGetState
                0x00000000       0x18 .\CortexM0p\ARM_GCC_493\Debug\OLED.a(CyLib.o)
 .text.CyIntSetPending
                0x00000000       0x14 .\CortexM0p\ARM_GCC_493\Debug\OLED.a(CyLib.o)
 .text.CyIntClearPending
                0x00000000       0x14 .\CortexM0p\ARM_GCC_493\Debug\OLED.a(CyLib.o)
 .text.CyIntSetSysVector
                0x00000000       0x20 .\CortexM0p\ARM_GCC_493\Debug\OLED.a(CyLib.o)
 .text.CyIntGetSysVector
                0x00000000       0x1c .\CortexM0p\ARM_GCC_493\Debug\OLED.a(CyLib.o)
 .text.CyIntGetVector
                0x00000000       0x20 .\CortexM0p\ARM_GCC_493\Debug\OLED.a(CyLib.o)
 .text.CyIntGetPriority
                0x00000000       0x2c .\CortexM0p\ARM_GCC_493\Debug\OLED.a(CyLib.o)
 .text.CySoftwareReset
                0x00000000       0x18 .\CortexM0p\ARM_GCC_493\Debug\OLED.a(CyLib.o)
 .text.CyDelayFreq
                0x00000000       0x4c .\CortexM0p\ARM_GCC_493\Debug\OLED.a(CyLib.o)
 .text.CySysTickStop
                0x00000000       0x10 .\CortexM0p\ARM_GCC_493\Debug\OLED.a(CyLib.o)
 .text.CySysTickEnableInterrupt
                0x00000000       0x10 .\CortexM0p\ARM_GCC_493\Debug\OLED.a(CyLib.o)
 .text.CySysTickEnable
                0x00000000       0x18 .\CortexM0p\ARM_GCC_493\Debug\OLED.a(CyLib.o)
 .text.CySysTickDisableInterrupt
                0x00000000       0x10 .\CortexM0p\ARM_GCC_493\Debug\OLED.a(CyLib.o)
 .text.CySysTickSetReload
                0x00000000       0x10 .\CortexM0p\ARM_GCC_493\Debug\OLED.a(CyLib.o)
 .text.CySysTickGetReload
                0x00000000       0x10 .\CortexM0p\ARM_GCC_493\Debug\OLED.a(CyLib.o)
 .text.CySysTickGetValue
                0x00000000       0x10 .\CortexM0p\ARM_GCC_493\Debug\OLED.a(CyLib.o)
 .text.CySysTickSetClockSource
                0x00000000       0x20 .\CortexM0p\ARM_GCC_493\Debug\OLED.a(CyLib.o)
 .text.CySysTickGetClockSource
                0x00000000       0x10 .\CortexM0p\ARM_GCC_493\Debug\OLED.a(CyLib.o)
 .text.CySysTickGetCountFlag
                0x00000000       0x10 .\CortexM0p\ARM_GCC_493\Debug\OLED.a(CyLib.o)
 .text.CySysTickServiceCallbacks
                0x00000000       0x28 .\CortexM0p\ARM_GCC_493\Debug\OLED.a(CyLib.o)
 .text.CySysTickClear
                0x00000000        0xc .\CortexM0p\ARM_GCC_493\Debug\OLED.a(CyLib.o)
 .text.CySysTickInit
                0x00000000       0x4c .\CortexM0p\ARM_GCC_493\Debug\OLED.a(CyLib.o)
 .text.CySysTickStart
                0x00000000       0x20 .\CortexM0p\ARM_GCC_493\Debug\OLED.a(CyLib.o)
 .text.CySysTickSetCallback
                0x00000000       0x10 .\CortexM0p\ARM_GCC_493\Debug\OLED.a(CyLib.o)
 .text.CySysTickGetCallback
                0x00000000        0xc .\CortexM0p\ARM_GCC_493\Debug\OLED.a(CyLib.o)
 .text.CyGetUniqueId
                0x00000000       0x70 .\CortexM0p\ARM_GCC_493\Debug\OLED.a(CyLib.o)
 .text.CySysSetRamAccessArbPriority
                0x00000000       0x20 .\CortexM0p\ARM_GCC_493\Debug\OLED.a(CyLib.o)
 .text.CySysSetFlashAccessArbPriority
                0x00000000       0x20 .\CortexM0p\ARM_GCC_493\Debug\OLED.a(CyLib.o)
 .text.CySysSetDmacAccessArbPriority
                0x00000000       0x20 .\CortexM0p\ARM_GCC_493\Debug\OLED.a(CyLib.o)
 .text.CySysSetPeripheralAccessArbPriority
                0x00000000       0x4c .\CortexM0p\ARM_GCC_493\Debug\OLED.a(CyLib.o)
 .text.CySysPrbSetBgGain
                0x00000000       0x14 .\CortexM0p\ARM_GCC_493\Debug\OLED.a(CyLib.o)
 .text.CySysPrbEnableDeepsleepVddaRef
                0x00000000       0x14 .\CortexM0p\ARM_GCC_493\Debug\OLED.a(CyLib.o)
 .text.CySysPrbDisableDeepsleepVddaRef
                0x00000000       0x14 .\CortexM0p\ARM_GCC_493\Debug\OLED.a(CyLib.o)
 .text.CySysPrbEnableVddaRef
                0x00000000       0x10 .\CortexM0p\ARM_GCC_493\Debug\OLED.a(CyLib.o)
 .text.CySysPrbDisableVddaRef
                0x00000000       0x10 .\CortexM0p\ARM_GCC_493\Debug\OLED.a(CyLib.o)
 .text.CySysPrbSetBgBufferTrim
                0x00000000       0x2c .\CortexM0p\ARM_GCC_493\Debug\OLED.a(CyLib.o)
 .text.CySysPrbGetBgBufferTrim
                0x00000000       0x1c .\CortexM0p\ARM_GCC_493\Debug\OLED.a(CyLib.o)
 .text          0x00000000        0x0 .\CortexM0p\ARM_GCC_493\Debug\OLED.a(CyLFClk.o)
 .data          0x00000000        0x4 .\CortexM0p\ARM_GCC_493\Debug\OLED.a(CyLFClk.o)
 .bss           0x00000000       0x18 .\CortexM0p\ARM_GCC_493\Debug\OLED.a(CyLFClk.o)
 .text.CySysClkIloStart
                0x00000000       0x14 .\CortexM0p\ARM_GCC_493\Debug\OLED.a(CyLFClk.o)
 .text.CySysClkIloStop
                0x00000000       0x10 .\CortexM0p\ARM_GCC_493\Debug\OLED.a(CyLFClk.o)
 .text.CySysClkIloStartMeasurement
                0x00000000       0x34 .\CortexM0p\ARM_GCC_493\Debug\OLED.a(CyLFClk.o)
 .text.CySysClkIloStopMeasurement
                0x00000000       0x28 .\CortexM0p\ARM_GCC_493\Debug\OLED.a(CyLFClk.o)
 .text.CySysClkIloCompensate
                0x00000000      0x108 .\CortexM0p\ARM_GCC_493\Debug\OLED.a(CyLFClk.o)
 .text.CySysClkWcoStart
                0x00000000       0x40 .\CortexM0p\ARM_GCC_493\Debug\OLED.a(CyLFClk.o)
 .text.CySysClkWcoStop
                0x00000000       0x1c .\CortexM0p\ARM_GCC_493\Debug\OLED.a(CyLFClk.o)
 .text.CySysClkWcoSetPowerMode
                0x00000000       0x4c .\CortexM0p\ARM_GCC_493\Debug\OLED.a(CyLFClk.o)
 .text.CySysClkWcoClockOutSelect
                0x00000000       0x2c .\CortexM0p\ARM_GCC_493\Debug\OLED.a(CyLFClk.o)
 .text.CySysWdtGetEnabledStatus
                0x00000000       0x1c .\CortexM0p\ARM_GCC_493\Debug\OLED.a(CyLFClk.o)
 .text.CySysWdtEnable
                0x00000000        0xc .\CortexM0p\ARM_GCC_493\Debug\OLED.a(CyLFClk.o)
 .text.CySysWdtSetMatch
                0x00000000       0x18 .\CortexM0p\ARM_GCC_493\Debug\OLED.a(CyLFClk.o)
 .text.CySysWdtGetMatch
                0x00000000       0x10 .\CortexM0p\ARM_GCC_493\Debug\OLED.a(CyLFClk.o)
 .text.CySysWdtGetCount
                0x00000000        0xc .\CortexM0p\ARM_GCC_493\Debug\OLED.a(CyLFClk.o)
 .text.CySysWdtSetIgnoreBits
                0x00000000       0x20 .\CortexM0p\ARM_GCC_493\Debug\OLED.a(CyLFClk.o)
 .text.CySysWdtGetIgnoreBits
                0x00000000       0x10 .\CortexM0p\ARM_GCC_493\Debug\OLED.a(CyLFClk.o)
 .text.CySysWdtClearInterrupt
                0x00000000       0x10 .\CortexM0p\ARM_GCC_493\Debug\OLED.a(CyLFClk.o)
 .text.CySysWdtMaskInterrupt
                0x00000000       0x10 .\CortexM0p\ARM_GCC_493\Debug\OLED.a(CyLFClk.o)
 .text.CySysWdtUnmaskInterrupt
                0x00000000       0x10 .\CortexM0p\ARM_GCC_493\Debug\OLED.a(CyLFClk.o)
 .text.CySysWdtSetInterruptCallback
                0x00000000       0x10 .\CortexM0p\ARM_GCC_493\Debug\OLED.a(CyLFClk.o)
 .text.CySysWdtGetInterruptCallback
                0x00000000        0xc .\CortexM0p\ARM_GCC_493\Debug\OLED.a(CyLFClk.o)
 .text.CySysWdtIsr
                0x00000000       0x18 .\CortexM0p\ARM_GCC_493\Debug\OLED.a(CyLFClk.o)
 .text.CySysTimerGetEnabledStatus
                0x00000000       0x24 .\CortexM0p\ARM_GCC_493\Debug\OLED.a(CyLFClk.o)
 .text.CySysTimerSetMode
                0x00000000       0x44 .\CortexM0p\ARM_GCC_493\Debug\OLED.a(CyLFClk.o)
 .text.CySysTimerGetMode
                0x00000000       0x14 .\CortexM0p\ARM_GCC_493\Debug\OLED.a(CyLFClk.o)
 .text.CySysTimerSetClearOnMatch
                0x00000000       0x38 .\CortexM0p\ARM_GCC_493\Debug\OLED.a(CyLFClk.o)
 .text.CySysTimerGetClearOnMatch
                0x00000000       0x24 .\CortexM0p\ARM_GCC_493\Debug\OLED.a(CyLFClk.o)
 .text.CySysTimerEnable
                0x00000000       0x3c .\CortexM0p\ARM_GCC_493\Debug\OLED.a(CyLFClk.o)
 .text.CySysTimerDisable
                0x00000000       0x3c .\CortexM0p\ARM_GCC_493\Debug\OLED.a(CyLFClk.o)
 .text.CySysTimerSetCascade
                0x00000000       0x34 .\CortexM0p\ARM_GCC_493\Debug\OLED.a(CyLFClk.o)
 .text.CySysTimerGetCascade
                0x00000000       0x14 .\CortexM0p\ARM_GCC_493\Debug\OLED.a(CyLFClk.o)
 .text.CySysTimerSetMatch
                0x00000000       0x58 .\CortexM0p\ARM_GCC_493\Debug\OLED.a(CyLFClk.o)
 .text.CySysTimerSetToggleBit
                0x00000000       0x2c .\CortexM0p\ARM_GCC_493\Debug\OLED.a(CyLFClk.o)
 .text.CySysTimerGetToggleBit
                0x00000000       0x10 .\CortexM0p\ARM_GCC_493\Debug\OLED.a(CyLFClk.o)
 .text.CySysTimerGetMatch
                0x00000000       0x20 .\CortexM0p\ARM_GCC_493\Debug\OLED.a(CyLFClk.o)
 .text.CySysTimerGetCount
                0x00000000       0x3c .\CortexM0p\ARM_GCC_493\Debug\OLED.a(CyLFClk.o)
 .text.CySysTimerGetInterruptSource
                0x00000000       0x14 .\CortexM0p\ARM_GCC_493\Debug\OLED.a(CyLFClk.o)
 .text.CySysTimerClearInterrupt
                0x00000000       0x30 .\CortexM0p\ARM_GCC_493\Debug\OLED.a(CyLFClk.o)
 .text.CySysTimerSetInterruptCallback
                0x00000000       0x20 .\CortexM0p\ARM_GCC_493\Debug\OLED.a(CyLFClk.o)
 .text.CySysTimerGetInterruptCallback
                0x00000000       0x20 .\CortexM0p\ARM_GCC_493\Debug\OLED.a(CyLFClk.o)
 .text.CySysTimerEnableIsr
                0x00000000       0x34 .\CortexM0p\ARM_GCC_493\Debug\OLED.a(CyLFClk.o)
 .text.CySysTimerDisableIsr
                0x00000000       0x28 .\CortexM0p\ARM_GCC_493\Debug\OLED.a(CyLFClk.o)
 .text.CySysTimerIsr
                0x00000000       0xa4 .\CortexM0p\ARM_GCC_493\Debug\OLED.a(CyLFClk.o)
 .text.CySysTimerResetCounters
                0x00000000       0x20 .\CortexM0p\ARM_GCC_493\Debug\OLED.a(CyLFClk.o)
 .text.CySysTimerDelayUntilMatch
                0x00000000       0x6c .\CortexM0p\ARM_GCC_493\Debug\OLED.a(CyLFClk.o)
 .text.CySysTimerDelay
                0x00000000       0x3c .\CortexM0p\ARM_GCC_493\Debug\OLED.a(CyLFClk.o)
 .rodata        0x00000000        0xc .\CortexM0p\ARM_GCC_493\Debug\OLED.a(CyLFClk.o)
 .data          0x00000000        0x0 .\CortexM0p\ARM_GCC_493\Debug\OLED.a(CyBootAsmGnu.o)
 .bss           0x00000000        0x0 .\CortexM0p\ARM_GCC_493\Debug\OLED.a(CyBootAsmGnu.o)
 .text          0x00000000        0x0 .\CortexM0p\ARM_GCC_493\Debug\OLED.a(I2COLED_I2C_INT.o)
 .data          0x00000000        0x0 .\CortexM0p\ARM_GCC_493\Debug\OLED.a(I2COLED_I2C_INT.o)
 .bss           0x00000000        0x0 .\CortexM0p\ARM_GCC_493\Debug\OLED.a(I2COLED_I2C_INT.o)
 .text          0x00000000        0x0 .\CortexM0p\ARM_GCC_493\Debug\OLED.a(CyFlash.o)
 .data          0x00000000        0x0 .\CortexM0p\ARM_GCC_493\Debug\OLED.a(CyFlash.o)
 .bss           0x00000000       0x18 .\CortexM0p\ARM_GCC_493\Debug\OLED.a(CyFlash.o)
 .text.CySysFlashClockBackup
                0x00000000       0x54 .\CortexM0p\ARM_GCC_493\Debug\OLED.a(CyFlash.o)
 .text.CySysFlashClockConfig
                0x00000000       0x44 .\CortexM0p\ARM_GCC_493\Debug\OLED.a(CyFlash.o)
 .text.CySysFlashClockRestore
                0x00000000       0x54 .\CortexM0p\ARM_GCC_493\Debug\OLED.a(CyFlash.o)
 .text.CySysFlashWriteRow
                0x00000000       0xf4 .\CortexM0p\ARM_GCC_493\Debug\OLED.a(CyFlash.o)
 .text          0x00000000      0x120 c:/program files (x86)/cypress/psoc creator/4.0/psoc creator/import/gnu/arm/4.9.3/bin/../lib/gcc/arm-none-eabi/4.9.3/armv6-m\libgcc.a(_udivsi3.o)
 .data          0x00000000        0x0 c:/program files (x86)/cypress/psoc creator/4.0/psoc creator/import/gnu/arm/4.9.3/bin/../lib/gcc/arm-none-eabi/4.9.3/armv6-m\libgcc.a(_udivsi3.o)
 .bss           0x00000000        0x0 c:/program files (x86)/cypress/psoc creator/4.0/psoc creator/import/gnu/arm/4.9.3/bin/../lib/gcc/arm-none-eabi/4.9.3/armv6-m\libgcc.a(_udivsi3.o)
 .text          0x00000000        0x4 c:/program files (x86)/cypress/psoc creator/4.0/psoc creator/import/gnu/arm/4.9.3/bin/../lib/gcc/arm-none-eabi/4.9.3/armv6-m\libgcc.a(_dvmd_tls.o)
 .data          0x00000000        0x0 c:/program files (x86)/cypress/psoc creator/4.0/psoc creator/import/gnu/arm/4.9.3/bin/../lib/gcc/arm-none-eabi/4.9.3/armv6-m\libgcc.a(_dvmd_tls.o)
 .bss           0x00000000        0x0 c:/program files (x86)/cypress/psoc creator/4.0/psoc creator/import/gnu/arm/4.9.3/bin/../lib/gcc/arm-none-eabi/4.9.3/armv6-m\libgcc.a(_dvmd_tls.o)
 .text          0x00000000        0x0 c:/program files (x86)/cypress/psoc creator/4.0/psoc creator/import/gnu/arm/4.9.3/bin/../lib/gcc/arm-none-eabi/4.9.3/../../../../arm-none-eabi/lib/armv6-m\libg_nano.a(lib_a-errno.o)
 .data          0x00000000        0x0 c:/program files (x86)/cypress/psoc creator/4.0/psoc creator/import/gnu/arm/4.9.3/bin/../lib/gcc/arm-none-eabi/4.9.3/../../../../arm-none-eabi/lib/armv6-m\libg_nano.a(lib_a-errno.o)
 .bss           0x00000000        0x0 c:/program files (x86)/cypress/psoc creator/4.0/psoc creator/import/gnu/arm/4.9.3/bin/../lib/gcc/arm-none-eabi/4.9.3/../../../../arm-none-eabi/lib/armv6-m\libg_nano.a(lib_a-errno.o)
 .text          0x00000000        0x0 c:/program files (x86)/cypress/psoc creator/4.0/psoc creator/import/gnu/arm/4.9.3/bin/../lib/gcc/arm-none-eabi/4.9.3/../../../../arm-none-eabi/lib/armv6-m\libg_nano.a(lib_a-exit.o)
 .data          0x00000000        0x0 c:/program files (x86)/cypress/psoc creator/4.0/psoc creator/import/gnu/arm/4.9.3/bin/../lib/gcc/arm-none-eabi/4.9.3/../../../../arm-none-eabi/lib/armv6-m\libg_nano.a(lib_a-exit.o)
 .bss           0x00000000        0x0 c:/program files (x86)/cypress/psoc creator/4.0/psoc creator/import/gnu/arm/4.9.3/bin/../lib/gcc/arm-none-eabi/4.9.3/../../../../arm-none-eabi/lib/armv6-m\libg_nano.a(lib_a-exit.o)
 .text.exit     0x00000000       0x2c c:/program files (x86)/cypress/psoc creator/4.0/psoc creator/import/gnu/arm/4.9.3/bin/../lib/gcc/arm-none-eabi/4.9.3/../../../../arm-none-eabi/lib/armv6-m\libg_nano.a(lib_a-exit.o)
 .text          0x00000000        0x0 c:/program files (x86)/cypress/psoc creator/4.0/psoc creator/import/gnu/arm/4.9.3/bin/../lib/gcc/arm-none-eabi/4.9.3/../../../../arm-none-eabi/lib/armv6-m\libg_nano.a(lib_a-impure.o)
 .data          0x00000000        0x0 c:/program files (x86)/cypress/psoc creator/4.0/psoc creator/import/gnu/arm/4.9.3/bin/../lib/gcc/arm-none-eabi/4.9.3/../../../../arm-none-eabi/lib/armv6-m\libg_nano.a(lib_a-impure.o)
 .bss           0x00000000        0x0 c:/program files (x86)/cypress/psoc creator/4.0/psoc creator/import/gnu/arm/4.9.3/bin/../lib/gcc/arm-none-eabi/4.9.3/../../../../arm-none-eabi/lib/armv6-m\libg_nano.a(lib_a-impure.o)
 .rodata._global_impure_ptr
                0x00000000        0x4 c:/program files (x86)/cypress/psoc creator/4.0/psoc creator/import/gnu/arm/4.9.3/bin/../lib/gcc/arm-none-eabi/4.9.3/../../../../arm-none-eabi/lib/armv6-m\libg_nano.a(lib_a-impure.o)
 .text          0x00000000        0x0 c:/program files (x86)/cypress/psoc creator/4.0/psoc creator/import/gnu/arm/4.9.3/bin/../lib/gcc/arm-none-eabi/4.9.3/../../../../arm-none-eabi/lib/armv6-m\libg_nano.a(lib_a-init.o)
 .data          0x00000000        0x0 c:/program files (x86)/cypress/psoc creator/4.0/psoc creator/import/gnu/arm/4.9.3/bin/../lib/gcc/arm-none-eabi/4.9.3/../../../../arm-none-eabi/lib/armv6-m\libg_nano.a(lib_a-init.o)
 .bss           0x00000000        0x0 c:/program files (x86)/cypress/psoc creator/4.0/psoc creator/import/gnu/arm/4.9.3/bin/../lib/gcc/arm-none-eabi/4.9.3/../../../../arm-none-eabi/lib/armv6-m\libg_nano.a(lib_a-init.o)
 .text          0x00000000        0x0 c:/program files (x86)/cypress/psoc creator/4.0/psoc creator/import/gnu/arm/4.9.3/bin/../lib/gcc/arm-none-eabi/4.9.3/../../../../arm-none-eabi/lib/armv6-m\libg_nano.a(lib_a-memcpy.o)
 .data          0x00000000        0x0 c:/program files (x86)/cypress/psoc creator/4.0/psoc creator/import/gnu/arm/4.9.3/bin/../lib/gcc/arm-none-eabi/4.9.3/../../../../arm-none-eabi/lib/armv6-m\libg_nano.a(lib_a-memcpy.o)
 .bss           0x00000000        0x0 c:/program files (x86)/cypress/psoc creator/4.0/psoc creator/import/gnu/arm/4.9.3/bin/../lib/gcc/arm-none-eabi/4.9.3/../../../../arm-none-eabi/lib/armv6-m\libg_nano.a(lib_a-memcpy.o)
 .text          0x00000000        0x0 c:/program files (x86)/cypress/psoc creator/4.0/psoc creator/import/gnu/arm/4.9.3/bin/../lib/gcc/arm-none-eabi/4.9.3/../../../../arm-none-eabi/lib/armv6-m\libg_nano.a(lib_a-memset.o)
 .data          0x00000000        0x0 c:/program files (x86)/cypress/psoc creator/4.0/psoc creator/import/gnu/arm/4.9.3/bin/../lib/gcc/arm-none-eabi/4.9.3/../../../../arm-none-eabi/lib/armv6-m\libg_nano.a(lib_a-memset.o)
 .bss           0x00000000        0x0 c:/program files (x86)/cypress/psoc creator/4.0/psoc creator/import/gnu/arm/4.9.3/bin/../lib/gcc/arm-none-eabi/4.9.3/../../../../arm-none-eabi/lib/armv6-m\libg_nano.a(lib_a-memset.o)
 .text          0x00000000        0x0 c:/program files (x86)/cypress/psoc creator/4.0/psoc creator/import/gnu/arm/4.9.3/bin/../lib/gcc/arm-none-eabi/4.9.3/../../../../arm-none-eabi/lib/armv6-m\libg_nano.a(lib_a-strlen.o)
 .data          0x00000000        0x0 c:/program files (x86)/cypress/psoc creator/4.0/psoc creator/import/gnu/arm/4.9.3/bin/../lib/gcc/arm-none-eabi/4.9.3/../../../../arm-none-eabi/lib/armv6-m\libg_nano.a(lib_a-strlen.o)
 .bss           0x00000000        0x0 c:/program files (x86)/cypress/psoc creator/4.0/psoc creator/import/gnu/arm/4.9.3/bin/../lib/gcc/arm-none-eabi/4.9.3/../../../../arm-none-eabi/lib/armv6-m\libg_nano.a(lib_a-strlen.o)
 .text          0x00000000        0x0 c:/program files (x86)/cypress/psoc creator/4.0/psoc creator/import/gnu/arm/4.9.3/bin/../lib/gcc/arm-none-eabi/4.9.3/armv6-m/crtend.o
 .data          0x00000000        0x0 c:/program files (x86)/cypress/psoc creator/4.0/psoc creator/import/gnu/arm/4.9.3/bin/../lib/gcc/arm-none-eabi/4.9.3/armv6-m/crtend.o
 .bss           0x00000000        0x0 c:/program files (x86)/cypress/psoc creator/4.0/psoc creator/import/gnu/arm/4.9.3/bin/../lib/gcc/arm-none-eabi/4.9.3/armv6-m/crtend.o
 .text          0x00000000        0x0 c:/program files (x86)/cypress/psoc creator/4.0/psoc creator/import/gnu/arm/4.9.3/bin/../lib/gcc/arm-none-eabi/4.9.3/armv6-m/crtn.o
 .data          0x00000000        0x0 c:/program files (x86)/cypress/psoc creator/4.0/psoc creator/import/gnu/arm/4.9.3/bin/../lib/gcc/arm-none-eabi/4.9.3/armv6-m/crtn.o
 .bss           0x00000000        0x0 c:/program files (x86)/cypress/psoc creator/4.0/psoc creator/import/gnu/arm/4.9.3/bin/../lib/gcc/arm-none-eabi/4.9.3/armv6-m/crtn.o

Memory Configuration

Name             Origin             Length             Attributes
rom              0x00000000         0x00008000         xr
ram              0x20000000         0x00001000         xrw
*default*        0x00000000         0xffffffff

Linker script and memory map

LOAD c:/program files (x86)/cypress/psoc creator/4.0/psoc creator/import/gnu/arm/4.9.3/bin/../lib/gcc/arm-none-eabi/4.9.3/armv6-m/crti.o
LOAD c:/program files (x86)/cypress/psoc creator/4.0/psoc creator/import/gnu/arm/4.9.3/bin/../lib/gcc/arm-none-eabi/4.9.3/armv6-m/crtbegin.o
LOAD c:/program files (x86)/cypress/psoc creator/4.0/psoc creator/import/gnu/arm/4.9.3/bin/../lib/gcc/arm-none-eabi/4.9.3/../../../../arm-none-eabi/lib/armv6-m/crt0.o
START GROUP
LOAD .\CortexM0p\ARM_GCC_493\Debug\main.o
LOAD .\CortexM0p\ARM_GCC_493\Debug\ssd1306.o
LOAD .\CortexM0p\ARM_GCC_493\Debug\cymetadata.o
LOAD .\CortexM0p\ARM_GCC_493\Debug\Cm0plusStart.o
LOAD .\CortexM0p\ARM_GCC_493\Debug\OLED.a
END GROUP
START GROUP
LOAD c:/program files (x86)/cypress/psoc creator/4.0/psoc creator/import/gnu/arm/4.9.3/bin/../lib/gcc/arm-none-eabi/4.9.3/armv6-m\libgcc.a
LOAD c:/program files (x86)/cypress/psoc creator/4.0/psoc creator/import/gnu/arm/4.9.3/bin/../lib/gcc/arm-none-eabi/4.9.3/../../../../arm-none-eabi/lib/armv6-m\libg_nano.a
LOAD c:/program files (x86)/cypress/psoc creator/4.0/psoc creator/import/gnu/arm/4.9.3/bin/../lib/gcc/arm-none-eabi/4.9.3/../../../../arm-none-eabi/lib/armv6-m\libc_nano.a
END GROUP
START GROUP
LOAD c:/program files (x86)/cypress/psoc creator/4.0/psoc creator/import/gnu/arm/4.9.3/bin/../lib/gcc/arm-none-eabi/4.9.3/armv6-m\libgcc.a
LOAD c:/program files (x86)/cypress/psoc creator/4.0/psoc creator/import/gnu/arm/4.9.3/bin/../lib/gcc/arm-none-eabi/4.9.3/../../../../arm-none-eabi/lib/armv6-m\libc_nano.a
END GROUP
LOAD c:/program files (x86)/cypress/psoc creator/4.0/psoc creator/import/gnu/arm/4.9.3/bin/../lib/gcc/arm-none-eabi/4.9.3/armv6-m/crtend.o
LOAD c:/program files (x86)/cypress/psoc creator/4.0/psoc creator/import/gnu/arm/4.9.3/bin/../lib/gcc/arm-none-eabi/4.9.3/armv6-m/crtn.o
START GROUP
LOAD c:/program files (x86)/cypress/psoc creator/4.0/psoc creator/import/gnu/arm/4.9.3/bin/../lib/gcc/arm-none-eabi/4.9.3/armv6-m\libgcc.a
LOAD c:/program files (x86)/cypress/psoc creator/4.0/psoc creator/import/gnu/arm/4.9.3/bin/../lib/gcc/arm-none-eabi/4.9.3/../../../../arm-none-eabi/lib/armv6-m\libc.a
LOAD c:/program files (x86)/cypress/psoc creator/4.0/psoc creator/import/gnu/arm/4.9.3/bin/../lib/gcc/arm-none-eabi/4.9.3/../../../../arm-none-eabi/lib/armv6-m\libnosys.a
END GROUP
                0x00000000                CY_APPL_ORIGIN = 0x0
                0x00000080                CY_FLASH_ROW_SIZE = 0x80
                0x00000001                CY_APPL_NUM = 0x1
                0x00000001                CY_APPL_MAX = 0x1
                0x00000040                CY_METADATA_SIZE = 0x40
                0x00000000                CY_APPL_LOADABLE = 0x0
                0x00000000                CY_CHECKSUM_EXCLUDE_SIZE = ALIGN (0x0, CY_FLASH_ROW_SIZE)
                0x00000000                CY_APP_FOR_STACK_AND_COPIER = 0x0
                0x20000590                PROVIDE (__cy_heap_start, _end)
                0x00000001                PROVIDE (__cy_region_num, ((__cy_regions_end - __cy_regions) / 0x10))
                0x20001000                PROVIDE (__cy_stack, (ORIGIN (ram) + 0x1000))
                0x20000c00                PROVIDE (__cy_heap_end, (__cy_stack - 0x400))

.cybootloader   0x00000000        0x0
 *(.cybootloader)
                0x00000000                appl1_start = CY_APPL_ORIGIN?CY_APPL_ORIGIN:ALIGN (CY_FLASH_ROW_SIZE)
                0x00003f80                appl2_start = (appl1_start + ALIGN ((((0x8000 - appl1_start) - (0x2 * CY_FLASH_ROW_SIZE)) / 0x2), CY_FLASH_ROW_SIZE))
                0x00000000                appl_start = (CY_APPL_NUM == 0x1)?appl1_start:appl2_start
                0x00000001                cy_project_type_bootloader = (appl_start == 0x0)?0x1:0x0
                0x00000000                cy_project_type_app_for_stack_and_copier = (CY_APP_FOR_STACK_AND_COPIER == 0x1)?0x1:0x0

.text           0x00000000     0x1bf0
 CREATE_OBJECT_SYMBOLS
                0x00000000                PROVIDE (__cy_interrupt_vector, RomVectors)
 *(.romvectors)
 .romvectors    0x00000000       0x10 .\CortexM0p\ARM_GCC_493\Debug\Cm0plusStart.o
                0x00000000                RomVectors
                0x00000001                ASSERT ((. != __cy_interrupt_vector), No interrupt vector)
                0x00000001                ASSERT (CY_APPL_ORIGIN?(SIZEOF (.cybootloader) <= CY_APPL_ORIGIN):0x1, Wrong image location)
                0x00000010                PROVIDE (__cy_reset, Reset)
 *(.text.Reset)
 .text.Reset    0x00000010        0xc .\CortexM0p\ARM_GCC_493\Debug\Cm0plusStart.o
                0x00000010                Reset
                0x00000001                ASSERT ((. != __cy_reset), No reset code)
 *(.psocinit)
 .psocinit      0x0000001c       0xac .\CortexM0p\ARM_GCC_493\Debug\OLED.a(cyfitter_cfg.o)
                0x00000080                cyfitter_cfg
                0x00000100                . = MAX (., 0x100)
 *fill*         0x000000c8       0x38 
 *(.text .text.* .gnu.linkonce.t.*)
 .text          0x00000100       0x60 c:/program files (x86)/cypress/psoc creator/4.0/psoc creator/import/gnu/arm/4.9.3/bin/../lib/gcc/arm-none-eabi/4.9.3/armv6-m/crtbegin.o
 .text.main     0x00000160      0x4b4 .\CortexM0p\ARM_GCC_493\Debug\main.o
                0x00000160                main
 .text.display_setPixel
                0x00000614       0x8c .\CortexM0p\ARM_GCC_493\Debug\ssd1306.o
 .text.display_line
                0x000006a0      0x140 .\CortexM0p\ARM_GCC_493\Debug\ssd1306.o
 .text.gfx_rotation_adjust
                0x000007e0       0x5c .\CortexM0p\ARM_GCC_493\Debug\ssd1306.o
 .text.gfx_hvLine
                0x0000083c      0x168 .\CortexM0p\ARM_GCC_493\Debug\ssd1306.o
 .text.display_write_buf
                0x000009a4       0x44 .\CortexM0p\ARM_GCC_493\Debug\ssd1306.o
 .text.display_clear
                0x000009e8       0x1c .\CortexM0p\ARM_GCC_493\Debug\ssd1306.o
                0x000009e8                display_clear
 .text.display_contrast
                0x00000a04       0x1c .\CortexM0p\ARM_GCC_493\Debug\ssd1306.o
                0x00000a04                display_contrast
 .text.display_invert
                0x00000a20       0x24 .\CortexM0p\ARM_GCC_493\Debug\ssd1306.o
                0x00000a20                display_invert
 .text.display_update
                0x00000a44       0x30 .\CortexM0p\ARM_GCC_493\Debug\ssd1306.o
                0x00000a44                display_update
 .text.display_stopscroll
                0x00000a74       0x18 .\CortexM0p\ARM_GCC_493\Debug\ssd1306.o
                0x00000a74                display_stopscroll
 .text.display_scroll
                0x00000a8c       0x2c .\CortexM0p\ARM_GCC_493\Debug\ssd1306.o
                0x00000a8c                display_scroll
 .text.gfx_init
                0x00000ab8       0x40 .\CortexM0p\ARM_GCC_493\Debug\ssd1306.o
                0x00000ab8                gfx_init
 .text.display_init
                0x00000af8       0x30 .\CortexM0p\ARM_GCC_493\Debug\ssd1306.o
                0x00000af8                display_init
 .text.gfx_width
                0x00000b28        0xc .\CortexM0p\ARM_GCC_493\Debug\ssd1306.o
                0x00000b28                gfx_width
 .text.gfx_height
                0x00000b34        0xc .\CortexM0p\ARM_GCC_493\Debug\ssd1306.o
                0x00000b34                gfx_height
 .text.gfx_setCursor
                0x00000b40        0xc .\CortexM0p\ARM_GCC_493\Debug\ssd1306.o
                0x00000b40                gfx_setCursor
 .text.gfx_setTextSize
                0x00000b4c       0x10 .\CortexM0p\ARM_GCC_493\Debug\ssd1306.o
                0x00000b4c                gfx_setTextSize
 .text.gfx_setTextColor
                0x00000b5c        0xc .\CortexM0p\ARM_GCC_493\Debug\ssd1306.o
                0x00000b5c                gfx_setTextColor
 .text.gfx_setRotation
                0x00000b68       0x4c .\CortexM0p\ARM_GCC_493\Debug\ssd1306.o
                0x00000b68                gfx_setRotation
 .text.gfx_drawPixel
                0x00000bb4       0x5c .\CortexM0p\ARM_GCC_493\Debug\ssd1306.o
                0x00000bb4                gfx_drawPixel
 .text.gfx_drawLine
                0x00000c10       0xe8 .\CortexM0p\ARM_GCC_493\Debug\ssd1306.o
                0x00000c10                gfx_drawLine
 .text.gfx_drawRect
                0x00000cf8       0x58 .\CortexM0p\ARM_GCC_493\Debug\ssd1306.o
                0x00000cf8                gfx_drawRect
 .text.gfx_fillRect
                0x00000d50       0x70 .\CortexM0p\ARM_GCC_493\Debug\ssd1306.o
                0x00000d50                gfx_fillRect
 .text.gfx_drawCircle
                0x00000dc0      0x150 .\CortexM0p\ARM_GCC_493\Debug\ssd1306.o
                0x00000dc0                gfx_drawCircle
 .text.gfx_drawTriangle
                0x00000f10       0x48 .\CortexM0p\ARM_GCC_493\Debug\ssd1306.o
                0x00000f10                gfx_drawTriangle
 .text.gfx_drawChar
                0x00000f58      0x10c .\CortexM0p\ARM_GCC_493\Debug\ssd1306.o
                0x00000f58                gfx_drawChar
 .text.gfx_write
                0x00001064       0x80 .\CortexM0p\ARM_GCC_493\Debug\ssd1306.o
                0x00001064                gfx_write
 .text.gfx_print
                0x000010e4       0x1c .\CortexM0p\ARM_GCC_493\Debug\ssd1306.o
                0x000010e4                gfx_print
 .text.gfx_println
                0x00001100       0x10 .\CortexM0p\ARM_GCC_493\Debug\ssd1306.o
                0x00001100                gfx_println
 .text.IntDefaultHandler
                0x00001110       0x10 .\CortexM0p\ARM_GCC_493\Debug\Cm0plusStart.o
                0x00001110                IntDefaultHandler
 .text.Start_c  0x00001120       0x48 .\CortexM0p\ARM_GCC_493\Debug\Cm0plusStart.o
                0x00001120                Start_c
 .text.initialize_psoc
                0x00001168       0x48 .\CortexM0p\ARM_GCC_493\Debug\Cm0plusStart.o
                0x00001168                initialize_psoc
 .text.AnalogSetDefault
                0x000011b0       0x18 .\CortexM0p\ARM_GCC_493\Debug\OLED.a(cyfitter_cfg.o)
 .text.I2COLED_ScbEnableIntr
                0x000011c8        0xc .\CortexM0p\ARM_GCC_493\Debug\OLED.a(I2COLED.o)
 .text.I2COLED_Init
                0x000011d4        0x8 .\CortexM0p\ARM_GCC_493\Debug\OLED.a(I2COLED.o)
                0x000011d4                I2COLED_Init
 .text.I2COLED_Enable
                0x000011dc       0x18 .\CortexM0p\ARM_GCC_493\Debug\OLED.a(I2COLED.o)
                0x000011dc                I2COLED_Enable
 .text.I2COLED_Start
                0x000011f4       0x20 .\CortexM0p\ARM_GCC_493\Debug\OLED.a(I2COLED.o)
                0x000011f4                I2COLED_Start
 .text.I2COLED_I2CInit
                0x00001214       0xbc .\CortexM0p\ARM_GCC_493\Debug\OLED.a(I2COLED_I2C.o)
                0x00001214                I2COLED_I2CInit
 .text.I2COLED_I2CMasterGetWriteBufSize
                0x000012d0        0xc .\CortexM0p\ARM_GCC_493\Debug\OLED.a(I2COLED_I2C_MASTER.o)
                0x000012d0                I2COLED_I2CMasterGetWriteBufSize
 .text.I2COLED_I2CMasterStatus
                0x000012dc       0x30 .\CortexM0p\ARM_GCC_493\Debug\OLED.a(I2COLED_I2C_MASTER.o)
                0x000012dc                I2COLED_I2CMasterStatus
 .text.I2COLED_I2CMasterClearStatus
                0x0000130c       0x20 .\CortexM0p\ARM_GCC_493\Debug\OLED.a(I2COLED_I2C_MASTER.o)
                0x0000130c                I2COLED_I2CMasterClearStatus
 .text.I2COLED_I2CReStartGeneration
                0x0000132c       0x20 .\CortexM0p\ARM_GCC_493\Debug\OLED.a(I2COLED_I2C_MASTER.o)
                0x0000132c                I2COLED_I2CReStartGeneration
 .text.I2COLED_I2CMasterWriteBuf
                0x0000134c       0xec .\CortexM0p\ARM_GCC_493\Debug\OLED.a(I2COLED_I2C_MASTER.o)
                0x0000134c                I2COLED_I2CMasterWriteBuf
 .text.CySysClkImoDisableWcoLock
                0x00001438       0x14 .\CortexM0p\ARM_GCC_493\Debug\OLED.a(CyLib.o)
                0x00001438                CySysClkImoDisableWcoLock
 .text.CySysClkImoGetWcoLock
                0x0000144c       0x14 .\CortexM0p\ARM_GCC_493\Debug\OLED.a(CyLib.o)
                0x0000144c                CySysClkImoGetWcoLock
 .text.CyIntEnable
                0x00001460       0x14 .\CortexM0p\ARM_GCC_493\Debug\OLED.a(CyLib.o)
                0x00001460                CyIntEnable
 .text.CyIntDisable
                0x00001474       0x14 .\CortexM0p\ARM_GCC_493\Debug\OLED.a(CyLib.o)
                0x00001474                CyIntDisable
 .text.CyHalt   0x00001488        0x4 .\CortexM0p\ARM_GCC_493\Debug\OLED.a(CyLib.o)
                0x00001488                CyHalt
 .text.CyIntSetVector
                0x0000148c       0x24 .\CortexM0p\ARM_GCC_493\Debug\OLED.a(CyLib.o)
                0x0000148c                CyIntSetVector
 .text.CyIntSetPriority
                0x000014b0       0x4c .\CortexM0p\ARM_GCC_493\Debug\OLED.a(CyLib.o)
                0x000014b0                CyIntSetPriority
 .text.CyDelay  0x000014fc       0x30 .\CortexM0p\ARM_GCC_493\Debug\OLED.a(CyLib.o)
                0x000014fc                CyDelay
 .text.CySysClkImoEnableWcoLock
                0x0000152c       0xcc .\CortexM0p\ARM_GCC_493\Debug\OLED.a(CyLib.o)
                0x0000152c                CySysClkImoEnableWcoLock
 .text.CySysClkWriteImoFreq
                0x000015f8       0xd8 .\CortexM0p\ARM_GCC_493\Debug\OLED.a(CyLib.o)
                0x000015f8                CySysClkWriteImoFreq
 .text.CyDelayUs
                0x000016d0       0x14 .\CortexM0p\ARM_GCC_493\Debug\OLED.a(CyLib.o)
                0x000016d0                CyDelayUs
 .text.CySysClkGetTimerSource
                0x000016e4       0x10 .\CortexM0p\ARM_GCC_493\Debug\OLED.a(CyLFClk.o)
 .text.CySysClkWcoEnabled
                0x000016f4       0x14 .\CortexM0p\ARM_GCC_493\Debug\OLED.a(CyLFClk.o)
                0x000016f4                CySysClkWcoEnabled
 .text.CySysWdtDisable
                0x00001708       0x10 .\CortexM0p\ARM_GCC_493\Debug\OLED.a(CyLFClk.o)
                0x00001708                CySysWdtDisable
 .text.CySysClkSetTimerSource
                0x00001718       0x68 .\CortexM0p\ARM_GCC_493\Debug\OLED.a(CyLFClk.o)
                0x00001718                CySysClkSetTimerSource
 .text          0x00001780       0x20 .\CortexM0p\ARM_GCC_493\Debug\OLED.a(CyBootAsmGnu.o)
                0x00001780                CyDelayCycles
                0x00001792                CyEnterCriticalSection
                0x0000179a                CyExitCriticalSection
 .text.I2COLED_I2C_ISR
                0x000017a0      0x374 .\CortexM0p\ARM_GCC_493\Debug\OLED.a(I2COLED_I2C_INT.o)
                0x000017a0                I2COLED_I2C_ISR
 .text.CySysFlashSetWaitCycles
                0x00001b14       0x54 .\CortexM0p\ARM_GCC_493\Debug\OLED.a(CyFlash.o)
                0x00001b14                CySysFlashSetWaitCycles
 .text.__errno  0x00001b68        0xc c:/program files (x86)/cypress/psoc creator/4.0/psoc creator/import/gnu/arm/4.9.3/bin/../lib/gcc/arm-none-eabi/4.9.3/../../../../arm-none-eabi/lib/armv6-m\libg_nano.a(lib_a-errno.o)
                0x00001b68                __errno
 .text.__libc_init_array
                0x00001b74       0x4c c:/program files (x86)/cypress/psoc creator/4.0/psoc creator/import/gnu/arm/4.9.3/bin/../lib/gcc/arm-none-eabi/4.9.3/../../../../arm-none-eabi/lib/armv6-m\libg_nano.a(lib_a-init.o)
                0x00001b74                __libc_init_array
 .text.memcpy   0x00001bc0       0x12 c:/program files (x86)/cypress/psoc creator/4.0/psoc creator/import/gnu/arm/4.9.3/bin/../lib/gcc/arm-none-eabi/4.9.3/../../../../arm-none-eabi/lib/armv6-m\libg_nano.a(lib_a-memcpy.o)
                0x00001bc0                memcpy
 .text.memset   0x00001bd2       0x10 c:/program files (x86)/cypress/psoc creator/4.0/psoc creator/import/gnu/arm/4.9.3/bin/../lib/gcc/arm-none-eabi/4.9.3/../../../../arm-none-eabi/lib/armv6-m\libg_nano.a(lib_a-memset.o)
                0x00001bd2                memset
 .text.strlen   0x00001be2        0xe c:/program files (x86)/cypress/psoc creator/4.0/psoc creator/import/gnu/arm/4.9.3/bin/../lib/gcc/arm-none-eabi/4.9.3/../../../../arm-none-eabi/lib/armv6-m\libg_nano.a(lib_a-strlen.o)
                0x00001be2                strlen
 *(.plt)
 *(.gnu.warning)
 *(.glue_7t)
 .glue_7t       0x00000000        0x0 linker stubs
 *(.glue_7)
 .glue_7        0x00000000        0x0 linker stubs
 *(.vfp11_veneer)
 .vfp11_veneer  0x00000000        0x0 linker stubs
 *(.bootloader)
 *(.ARM.extab* .gnu.linkonce.armextab.*)
 *(.gcc_except_table)

.v4_bx          0x00001bf0        0x0
 .v4_bx         0x00000000        0x0 linker stubs

.iplt           0x00001bf0        0x0
 .iplt          0x00000000        0x0 c:/program files (x86)/cypress/psoc creator/4.0/psoc creator/import/gnu/arm/4.9.3/bin/../lib/gcc/arm-none-eabi/4.9.3/armv6-m/crtbegin.o

.eh_frame_hdr
 *(.eh_frame_hdr)

.eh_frame       0x00001bf0        0x4
 *(.eh_frame)
 .eh_frame      0x00001bf0        0x0 c:/program files (x86)/cypress/psoc creator/4.0/psoc creator/import/gnu/arm/4.9.3/bin/../lib/gcc/arm-none-eabi/4.9.3/armv6-m/crtbegin.o
 .eh_frame      0x00001bf0        0x4 c:/program files (x86)/cypress/psoc creator/4.0/psoc creator/import/gnu/arm/4.9.3/bin/../lib/gcc/arm-none-eabi/4.9.3/armv6-m/crtend.o
                0x00001bf4                PROVIDE (__exidx_start, .)

.ARM.exidx
 *(.ARM.exidx* .gnu.linkonce.armexidx.*)
                0x00001bf4                __exidx_end = .

.rodata         0x00001bf4      0x59c
 *(.rodata .rodata.* .gnu.linkonce.r.*)
 .rodata.str1.4
                0x00001bf4       0x28 .\CortexM0p\ARM_GCC_493\Debug\main.o
 .rodata        0x00001c1c      0x520 .\CortexM0p\ARM_GCC_493\Debug\ssd1306.o
 .rodata        0x0000213c       0x18 .\CortexM0p\ARM_GCC_493\Debug\OLED.a(CyLib.o)
                0x0000213c                cyImoFreqMhz2DpllOffset
 .rodata.str1.1
                0x00002154        0x2 c:/program files (x86)/cypress/psoc creator/4.0/psoc creator/import/gnu/arm/4.9.3/bin/../lib/gcc/arm-none-eabi/4.9.3/../../../../arm-none-eabi/lib/armv6-m\libg_nano.a(lib_a-impure.o)
                0x00002158                . = ALIGN (0x4)
 *fill*         0x00002156        0x2 
 *(.init)
 .init          0x00002158        0x4 c:/program files (x86)/cypress/psoc creator/4.0/psoc creator/import/gnu/arm/4.9.3/bin/../lib/gcc/arm-none-eabi/4.9.3/armv6-m/crti.o
                0x00002158                _init
 .init          0x0000215c        0x8 c:/program files (x86)/cypress/psoc creator/4.0/psoc creator/import/gnu/arm/4.9.3/bin/../lib/gcc/arm-none-eabi/4.9.3/armv6-m/crtn.o
                0x00002164                . = ALIGN (0x4)
                0x00002164                __preinit_array_start = .
 *(.preinit_array)
                0x00002164                __preinit_array_end = .
                0x00002164                . = ALIGN (0x4)
                0x00002164                __init_array_start = .
 *(SORT(.init_array.*))
 *(.init_array)
 .init_array    0x00002164        0x4 c:/program files (x86)/cypress/psoc creator/4.0/psoc creator/import/gnu/arm/4.9.3/bin/../lib/gcc/arm-none-eabi/4.9.3/armv6-m/crtbegin.o
 .init_array    0x00002168        0x4 .\CortexM0p\ARM_GCC_493\Debug\Cm0plusStart.o
                0x0000216c                __init_array_end = .
                0x0000216c                . = ALIGN (0x4)
 *(.fini)
 .fini          0x0000216c        0x4 c:/program files (x86)/cypress/psoc creator/4.0/psoc creator/import/gnu/arm/4.9.3/bin/../lib/gcc/arm-none-eabi/4.9.3/armv6-m/crti.o
                0x0000216c                _fini
 .fini          0x00002170        0x8 c:/program files (x86)/cypress/psoc creator/4.0/psoc creator/import/gnu/arm/4.9.3/bin/../lib/gcc/arm-none-eabi/4.9.3/armv6-m/crtn.o
                0x00002178                . = ALIGN (0x4)
                0x00002178                __fini_array_start = .
 *(.fini_array)
 .fini_array    0x00002178        0x4 c:/program files (x86)/cypress/psoc creator/4.0/psoc creator/import/gnu/arm/4.9.3/bin/../lib/gcc/arm-none-eabi/4.9.3/armv6-m/crtbegin.o
 *(SORT(.fini_array.*))
                0x0000217c                __fini_array_end = .
                0x0000217c                . = ALIGN (0x4)
 *crtbegin.o(.ctors)
 *(EXCLUDE_FILE(*crtend.o) .ctors)
 *(SORT(.ctors.*))
 *crtend.o(.ctors)
                0x0000217c                . = ALIGN (0x4)
 *crtbegin.o(.dtors)
 *(EXCLUDE_FILE(*crtend.o) .dtors)
 *(SORT(.dtors.*))
 *crtend.o(.dtors)
                0x0000217c                . = ALIGN (0x4)
                0x0000217c                __cy_regions = .
                0x0000217c        0x4 LONG 0x2190 __cy_region_init_ram
                0x00002180        0x4 LONG 0x200000b0 __cy_region_start_data
                0x00002184        0x4 LONG 0x480 __cy_region_init_size_ram
                0x00002188        0x4 LONG 0x60 __cy_region_zero_size_ram
                0x0000218c                __cy_regions_end = .
                0x00002190                . = ALIGN (0x8)
 *fill*         0x0000218c        0x4 
                0x00002190                _etext = .

.cy_checksum_exclude
                0x00002190        0x0
 *(.cy_checksum_exclude)

.ramvectors     0x20000000       0xa4
                0x20000000                __cy_region_start_ram = .
 *(.ramvectors)
 .ramvectors    0x20000000       0xa4 .\CortexM0p\ARM_GCC_493\Debug\Cm0plusStart.o
                0x20000000                CyRamVectors

.noinit         0x200000a8        0x4
 *(.noinit)
 .noinit        0x200000a8        0x4 .\CortexM0p\ARM_GCC_493\Debug\Cm0plusStart.o

.data           0x200000b0      0x480 load address 0x00002190
                0x200000b0                __cy_region_start_data = .
 *(.jcr)
 .jcr           0x200000b0        0x0 c:/program files (x86)/cypress/psoc creator/4.0/psoc creator/import/gnu/arm/4.9.3/bin/../lib/gcc/arm-none-eabi/4.9.3/armv6-m/crtbegin.o
 .jcr           0x200000b0        0x4 c:/program files (x86)/cypress/psoc creator/4.0/psoc creator/import/gnu/arm/4.9.3/bin/../lib/gcc/arm-none-eabi/4.9.3/armv6-m/crtend.o
 *(.got.plt)
 *(.got)
 *(.shdata)
 *(.data .data.* .gnu.linkonce.d.*)
 .data          0x200000b4      0x404 .\CortexM0p\ARM_GCC_493\Debug\ssd1306.o
 .data          0x200004b8       0x14 .\CortexM0p\ARM_GCC_493\Debug\OLED.a(CyLib.o)
                0x200004b8                CySysClkPumpConfig
                0x200004bc                cydelay32kMs
                0x200004c0                cydelayFreqKhz
                0x200004c4                cydelayFreqMhz
                0x200004c8                cydelayFreqHz
 .data.impure_data
                0x200004cc       0x60 c:/program files (x86)/cypress/psoc creator/4.0/psoc creator/import/gnu/arm/4.9.3/bin/../lib/gcc/arm-none-eabi/4.9.3/../../../../arm-none-eabi/lib/armv6-m\libg_nano.a(lib_a-impure.o)
 .data._impure_ptr
                0x2000052c        0x4 c:/program files (x86)/cypress/psoc creator/4.0/psoc creator/import/gnu/arm/4.9.3/bin/../lib/gcc/arm-none-eabi/4.9.3/../../../../arm-none-eabi/lib/armv6-m\libg_nano.a(lib_a-impure.o)
                0x2000052c                _impure_ptr
                0x20000530                . = ALIGN (0x8)
 *(.ram)
                0x20000530                _edata = .

.igot.plt       0x20000530        0x0 load address 0x00002610
 .igot.plt      0x00000000        0x0 c:/program files (x86)/cypress/psoc creator/4.0/psoc creator/import/gnu/arm/4.9.3/bin/../lib/gcc/arm-none-eabi/4.9.3/armv6-m/crtbegin.o

.bss            0x20000530       0x60 load address 0x00002610
                0x20000530                PROVIDE (__bss_start__, .)
 *(.shbss)
 *(.bss .bss.* .gnu.linkonce.b.*)
 .bss           0x20000530       0x1c c:/program files (x86)/cypress/psoc creator/4.0/psoc creator/import/gnu/arm/4.9.3/bin/../lib/gcc/arm-none-eabi/4.9.3/armv6-m/crtbegin.o
 .bss           0x2000054c       0x10 .\CortexM0p\ARM_GCC_493\Debug\ssd1306.o
 .bss           0x2000055c        0x8 .\CortexM0p\ARM_GCC_493\Debug\OLED.a(I2COLED.o)
                0x2000055c                I2COLED_initVar
                0x20000560                I2COLED_customIntrHandler
 *(COMMON)
 COMMON         0x20000564        0x7 .\CortexM0p\ARM_GCC_493\Debug\ssd1306.o
                0x20000564                WIDTH
                0x20000566                rotation
                0x20000568                HEIGHT
                0x2000056a                wrap
 COMMON         0x2000056b        0x1 .\CortexM0p\ARM_GCC_493\Debug\OLED.a(I2COLED_I2C.o)
                0x2000056b                I2COLED_state
 COMMON         0x2000056c       0x20 .\CortexM0p\ARM_GCC_493\Debug\OLED.a(I2COLED_I2C_MASTER.o)
                0x2000056c                I2COLED_mstrStatus
                0x2000056e                I2COLED_mstrControl
                0x20000570                I2COLED_mstrWrBufIndexTmp
                0x20000574                I2COLED_mstrRdBufIndex
                0x20000578                I2COLED_mstrWrBufIndex
                0x2000057c                I2COLED_mstrRdBufPtr
                0x20000580                I2COLED_mstrWrBufSize
                0x20000584                I2COLED_mstrWrBufPtr
                0x20000588                I2COLED_mstrRdBufSize
                0x20000590                . = ALIGN (0x8)
 *fill*         0x2000058c        0x4 
 *(.ram.b)
                0x20000590                _end = .
                0x20000590                __end = .
                0x20000590                PROVIDE (end, .)
                0x20000590                PROVIDE (__bss_end__, .)
                0x00002190                __cy_region_init_ram = LOADADDR (.data)
                0x00000480                __cy_region_init_size_ram = (_edata - ADDR (.data))
                0x00000060                __cy_region_zero_size_ram = (_end - _edata)

.heap           0x20000590       0x80 load address 0x00002610
                0x20000590                . = _end
                0x20000610                . = (. + 0x80)
 *fill*         0x20000590       0x80 
                0x20000610                __cy_heap_limit = .

.stack          0x20000c00      0x400
                0x20000c00                __cy_stack_limit = .
                0x20001000                . = (. + 0x400)
 *fill*         0x20000c00      0x400 
                0x00000001                ASSERT ((__cy_stack_limit >= __cy_heap_limit), region RAM overflowed with stack)
                0x00000000                cy_checksum_exclude_size = (CY_APPL_LOADABLE == 0x1)?SIZEOF (.cy_checksum_exclude):0x0
                0x00000001                ASSERT ((cy_checksum_exclude_size <= CY_CHECKSUM_EXCLUDE_SIZE), CY_BOOT: Section .cy_checksum_exclude size exceedes specified limit.)
                0x00007fc0                cyloadermeta_start = (cy_project_type_bootloader || cy_project_type_app_for_stack_and_copier)?(0x8000 - CY_METADATA_SIZE):0xf0000000

.cyloadermeta
 *(.cyloadermeta)
                0x00007fc0                cyloadablemeta_start = cy_project_type_app_for_stack_and_copier?((0x8000 - CY_FLASH_ROW_SIZE) - CY_METADATA_SIZE):((0x8000 - (CY_FLASH_ROW_SIZE * (CY_APPL_NUM - 0x1))) - CY_METADATA_SIZE)

.cyloadablemeta
 *(.cyloadablemeta)

.cyflashprotect
                0x90400000       0x20
 *(.cyflashprotect)
 .cyflashprotect
                0x90400000       0x20 .\CortexM0p\ARM_GCC_493\Debug\cymetadata.o
                0x90400000                cy_meta_flashprotect

.cymeta         0x90500000        0xc
 *(.cymeta)
 .cymeta        0x90500000        0xc .\CortexM0p\ARM_GCC_493\Debug\cymetadata.o
                0x90500000                cy_metadata

.cychipprotect  0x90600000        0x4
 *(.cychipprotect)
 .cychipprotect
                0x90600000        0x4 .\CortexM0p\ARM_GCC_493\Debug\cymetadata.o
                0x90600000                cy_meta_chipprotect

.rel.dyn        0x00002610        0x0 load address 0x90600004
 .rel.iplt      0x00000000        0x0 c:/program files (x86)/cypress/psoc creator/4.0/psoc creator/import/gnu/arm/4.9.3/bin/../lib/gcc/arm-none-eabi/4.9.3/armv6-m/crtbegin.o

.stab
 *(.stab)

.stabstr
 *(.stabstr)

.debug
 *(.debug)

.line
 *(.line)

.debug_srcinfo
 *(.debug_srcinfo)

.debug_sfnames
 *(.debug_sfnames)

.debug_aranges  0x00000000      0x6e8
 *(.debug_aranges)
 .debug_aranges
                0x00000000       0x20 .\CortexM0p\ARM_GCC_493\Debug\main.o
 .debug_aranges
                0x00000020      0x118 .\CortexM0p\ARM_GCC_493\Debug\ssd1306.o
 .debug_aranges
                0x00000138       0x18 .\CortexM0p\ARM_GCC_493\Debug\cymetadata.o
 .debug_aranges
                0x00000150       0x48 .\CortexM0p\ARM_GCC_493\Debug\Cm0plusStart.o
 .debug_aranges
                0x00000198       0x30 .\CortexM0p\ARM_GCC_493\Debug\OLED.a(cyfitter_cfg.o)
 .debug_aranges
                0x000001c8       0x60 .\CortexM0p\ARM_GCC_493\Debug\OLED.a(I2COLED.o)
 .debug_aranges
                0x00000228       0x28 .\CortexM0p\ARM_GCC_493\Debug\OLED.a(I2COLED_I2C.o)
 .debug_aranges
                0x00000250       0x88 .\CortexM0p\ARM_GCC_493\Debug\OLED.a(I2COLED_I2C_MASTER.o)
 .debug_aranges
                0x000002d8      0x1e8 .\CortexM0p\ARM_GCC_493\Debug\OLED.a(CyLib.o)
 .debug_aranges
                0x000004c0      0x1a8 .\CortexM0p\ARM_GCC_493\Debug\OLED.a(CyLFClk.o)
 .debug_aranges
                0x00000668       0x20 .\CortexM0p\ARM_GCC_493\Debug\OLED.a(CyBootAsmGnu.o)
 .debug_aranges
                0x00000688       0x20 .\CortexM0p\ARM_GCC_493\Debug\OLED.a(I2COLED_I2C_INT.o)
 .debug_aranges
                0x000006a8       0x40 .\CortexM0p\ARM_GCC_493\Debug\OLED.a(CyFlash.o)

.debug_pubnames
 *(.debug_pubnames)

.debug_info     0x00000000     0x4f6e
 *(.debug_info .gnu.linkonce.wi.*)
 .debug_info    0x00000000      0xb74 .\CortexM0p\ARM_GCC_493\Debug\main.o
 .debug_info    0x00000b74     0x13f8 .\CortexM0p\ARM_GCC_493\Debug\ssd1306.o
 .debug_info    0x00001f6c       0xfe .\CortexM0p\ARM_GCC_493\Debug\cymetadata.o
 .debug_info    0x0000206a      0x399 .\CortexM0p\ARM_GCC_493\Debug\Cm0plusStart.o
 .debug_info    0x00002403      0x135 .\CortexM0p\ARM_GCC_493\Debug\OLED.a(cyfitter_cfg.o)
 .debug_info    0x00002538      0x297 .\CortexM0p\ARM_GCC_493\Debug\OLED.a(I2COLED.o)
 .debug_info    0x000027cf      0x1ab .\CortexM0p\ARM_GCC_493\Debug\OLED.a(I2COLED_I2C.o)
 .debug_info    0x0000297a      0x5a3 .\CortexM0p\ARM_GCC_493\Debug\OLED.a(I2COLED_I2C_MASTER.o)
 .debug_info    0x00002f1d      0xdd3 .\CortexM0p\ARM_GCC_493\Debug\OLED.a(CyLib.o)
 .debug_info    0x00003cf0      0xd04 .\CortexM0p\ARM_GCC_493\Debug\OLED.a(CyLFClk.o)
 .debug_info    0x000049f4       0x8c .\CortexM0p\ARM_GCC_493\Debug\OLED.a(CyBootAsmGnu.o)
 .debug_info    0x00004a80      0x18d .\CortexM0p\ARM_GCC_493\Debug\OLED.a(I2COLED_I2C_INT.o)
 .debug_info    0x00004c0d      0x361 .\CortexM0p\ARM_GCC_493\Debug\OLED.a(CyFlash.o)

.debug_abbrev   0x00000000     0x118b
 *(.debug_abbrev)
 .debug_abbrev  0x00000000      0x12b .\CortexM0p\ARM_GCC_493\Debug\main.o
 .debug_abbrev  0x0000012b      0x2c0 .\CortexM0p\ARM_GCC_493\Debug\ssd1306.o
 .debug_abbrev  0x000003eb       0x5d .\CortexM0p\ARM_GCC_493\Debug\cymetadata.o
 .debug_abbrev  0x00000448      0x1df .\CortexM0p\ARM_GCC_493\Debug\Cm0plusStart.o
 .debug_abbrev  0x00000627       0xe0 .\CortexM0p\ARM_GCC_493\Debug\OLED.a(cyfitter_cfg.o)
 .debug_abbrev  0x00000707      0x143 .\CortexM0p\ARM_GCC_493\Debug\OLED.a(I2COLED.o)
 .debug_abbrev  0x0000084a       0xf3 .\CortexM0p\ARM_GCC_493\Debug\OLED.a(I2COLED_I2C.o)
 .debug_abbrev  0x0000093d      0x189 .\CortexM0p\ARM_GCC_493\Debug\OLED.a(I2COLED_I2C_MASTER.o)
 .debug_abbrev  0x00000ac6      0x236 .\CortexM0p\ARM_GCC_493\Debug\OLED.a(CyLib.o)
 .debug_abbrev  0x00000cfc      0x232 .\CortexM0p\ARM_GCC_493\Debug\OLED.a(CyLFClk.o)
 .debug_abbrev  0x00000f2e       0x14 .\CortexM0p\ARM_GCC_493\Debug\OLED.a(CyBootAsmGnu.o)
 .debug_abbrev  0x00000f42       0x88 .\CortexM0p\ARM_GCC_493\Debug\OLED.a(I2COLED_I2C_INT.o)
 .debug_abbrev  0x00000fca      0x1c1 .\CortexM0p\ARM_GCC_493\Debug\OLED.a(CyFlash.o)

.debug_line     0x00000000     0x1fb2
 *(.debug_line)
 .debug_line    0x00000000      0x30c .\CortexM0p\ARM_GCC_493\Debug\main.o
 .debug_line    0x0000030c      0x620 .\CortexM0p\ARM_GCC_493\Debug\ssd1306.o
 .debug_line    0x0000092c       0x51 .\CortexM0p\ARM_GCC_493\Debug\cymetadata.o
 .debug_line    0x0000097d      0x260 .\CortexM0p\ARM_GCC_493\Debug\Cm0plusStart.o
 .debug_line    0x00000bdd       0xa8 .\CortexM0p\ARM_GCC_493\Debug\OLED.a(cyfitter_cfg.o)
 .debug_line    0x00000c85      0x12c .\CortexM0p\ARM_GCC_493\Debug\OLED.a(I2COLED.o)
 .debug_line    0x00000db1       0xad .\CortexM0p\ARM_GCC_493\Debug\OLED.a(I2COLED_I2C.o)
 .debug_line    0x00000e5e      0x29d .\CortexM0p\ARM_GCC_493\Debug\OLED.a(I2COLED_I2C_MASTER.o)
 .debug_line    0x000010fb      0x5a6 .\CortexM0p\ARM_GCC_493\Debug\OLED.a(CyLib.o)
 .debug_line    0x000016a1      0x5c1 .\CortexM0p\ARM_GCC_493\Debug\OLED.a(CyLFClk.o)
 .debug_line    0x00001c62       0x68 .\CortexM0p\ARM_GCC_493\Debug\OLED.a(CyBootAsmGnu.o)
 .debug_line    0x00001cca      0x16c .\CortexM0p\ARM_GCC_493\Debug\OLED.a(I2COLED_I2C_INT.o)
 .debug_line    0x00001e36      0x17c .\CortexM0p\ARM_GCC_493\Debug\OLED.a(CyFlash.o)

.debug_frame    0x00000000     0x1294
 *(.debug_frame)
 .debug_frame   0x00000000       0x44 .\CortexM0p\ARM_GCC_493\Debug\main.o
 .debug_frame   0x00000044      0x3a8 .\CortexM0p\ARM_GCC_493\Debug\ssd1306.o
 .debug_frame   0x000003ec       0xbc .\CortexM0p\ARM_GCC_493\Debug\Cm0plusStart.o
 .debug_frame   0x000004a8       0x5c .\CortexM0p\ARM_GCC_493\Debug\OLED.a(cyfitter_cfg.o)
 .debug_frame   0x00000504       0xe8 .\CortexM0p\ARM_GCC_493\Debug\OLED.a(I2COLED.o)
 .debug_frame   0x000005ec       0x3c .\CortexM0p\ARM_GCC_493\Debug\OLED.a(I2COLED_I2C.o)
 .debug_frame   0x00000628      0x16c .\CortexM0p\ARM_GCC_493\Debug\OLED.a(I2COLED_I2C_MASTER.o)
 .debug_frame   0x00000794      0x4cc .\CortexM0p\ARM_GCC_493\Debug\OLED.a(CyLib.o)
 .debug_frame   0x00000c60      0x484 .\CortexM0p\ARM_GCC_493\Debug\OLED.a(CyLFClk.o)
 .debug_frame   0x000010e4       0x2c .\CortexM0p\ARM_GCC_493\Debug\OLED.a(I2COLED_I2C_INT.o)
 .debug_frame   0x00001110       0x88 .\CortexM0p\ARM_GCC_493\Debug\OLED.a(CyFlash.o)
 .debug_frame   0x00001198       0x20 c:/program files (x86)/cypress/psoc creator/4.0/psoc creator/import/gnu/arm/4.9.3/bin/../lib/gcc/arm-none-eabi/4.9.3/armv6-m\libgcc.a(_udivsi3.o)
 .debug_frame   0x000011b8       0x20 c:/program files (x86)/cypress/psoc creator/4.0/psoc creator/import/gnu/arm/4.9.3/bin/../lib/gcc/arm-none-eabi/4.9.3/../../../../arm-none-eabi/lib/armv6-m\libg_nano.a(lib_a-errno.o)
 .debug_frame   0x000011d8       0x28 c:/program files (x86)/cypress/psoc creator/4.0/psoc creator/import/gnu/arm/4.9.3/bin/../lib/gcc/arm-none-eabi/4.9.3/../../../../arm-none-eabi/lib/armv6-m\libg_nano.a(lib_a-exit.o)
 .debug_frame   0x00001200       0x2c c:/program files (x86)/cypress/psoc creator/4.0/psoc creator/import/gnu/arm/4.9.3/bin/../lib/gcc/arm-none-eabi/4.9.3/../../../../arm-none-eabi/lib/armv6-m\libg_nano.a(lib_a-init.o)
 .debug_frame   0x0000122c       0x28 c:/program files (x86)/cypress/psoc creator/4.0/psoc creator/import/gnu/arm/4.9.3/bin/../lib/gcc/arm-none-eabi/4.9.3/../../../../arm-none-eabi/lib/armv6-m\libg_nano.a(lib_a-memcpy.o)
 .debug_frame   0x00001254       0x20 c:/program files (x86)/cypress/psoc creator/4.0/psoc creator/import/gnu/arm/4.9.3/bin/../lib/gcc/arm-none-eabi/4.9.3/../../../../arm-none-eabi/lib/armv6-m\libg_nano.a(lib_a-memset.o)
 .debug_frame   0x00001274       0x20 c:/program files (x86)/cypress/psoc creator/4.0/psoc creator/import/gnu/arm/4.9.3/bin/../lib/gcc/arm-none-eabi/4.9.3/../../../../arm-none-eabi/lib/armv6-m\libg_nano.a(lib_a-strlen.o)

.debug_str      0x00000000     0x19ec
 *(.debug_str)
 .debug_str     0x00000000      0x3ce .\CortexM0p\ARM_GCC_493\Debug\main.o
                                0x426 (size before relaxing)
 .debug_str     0x000003ce      0x206 .\CortexM0p\ARM_GCC_493\Debug\ssd1306.o
                                0x66a (size before relaxing)
 .debug_str     0x000005d4       0x59 .\CortexM0p\ARM_GCC_493\Debug\cymetadata.o
                                0x1ce (size before relaxing)
 .debug_str     0x0000062d      0x15c .\CortexM0p\ARM_GCC_493\Debug\Cm0plusStart.o
                                0x303 (size before relaxing)
 .debug_str     0x00000789       0x74 .\CortexM0p\ARM_GCC_493\Debug\OLED.a(cyfitter_cfg.o)
                                0x1f7 (size before relaxing)
 .debug_str     0x000007fd      0x15a .\CortexM0p\ARM_GCC_493\Debug\OLED.a(I2COLED.o)
                                0x2ea (size before relaxing)
 .debug_str     0x00000957       0x94 .\CortexM0p\ARM_GCC_493\Debug\OLED.a(I2COLED_I2C.o)
                                0x257 (size before relaxing)
 .debug_str     0x000009eb      0x213 .\CortexM0p\ARM_GCC_493\Debug\OLED.a(I2COLED_I2C_MASTER.o)
                                0x47b (size before relaxing)
 .debug_str     0x00000bfe      0x654 .\CortexM0p\ARM_GCC_493\Debug\OLED.a(CyLib.o)
                                0x87d (size before relaxing)
 .debug_str     0x00001252      0x646 .\CortexM0p\ARM_GCC_493\Debug\OLED.a(CyLFClk.o)
                                0x88d (size before relaxing)
 .debug_str     0x00001898       0x4f .\CortexM0p\ARM_GCC_493\Debug\OLED.a(I2COLED_I2C_INT.o)
                                0x2d2 (size before relaxing)
 .debug_str     0x000018e7      0x105 .\CortexM0p\ARM_GCC_493\Debug\OLED.a(CyFlash.o)
                                0x2fe (size before relaxing)

.debug_loc      0x00000000     0x31b3
 *(.debug_loc)
 .debug_loc     0x00000000      0x1cc .\CortexM0p\ARM_GCC_493\Debug\main.o
 .debug_loc     0x000001cc     0x1096 .\CortexM0p\ARM_GCC_493\Debug\ssd1306.o
 .debug_loc     0x00001262      0x14f .\CortexM0p\ARM_GCC_493\Debug\Cm0plusStart.o
 .debug_loc     0x000013b1       0x7e .\CortexM0p\ARM_GCC_493\Debug\OLED.a(I2COLED.o)
 .debug_loc     0x0000142f      0x88e .\CortexM0p\ARM_GCC_493\Debug\OLED.a(I2COLED_I2C_MASTER.o)
 .debug_loc     0x00001cbd      0x825 .\CortexM0p\ARM_GCC_493\Debug\OLED.a(CyLib.o)
 .debug_loc     0x000024e2      0xa81 .\CortexM0p\ARM_GCC_493\Debug\OLED.a(CyLFClk.o)
 .debug_loc     0x00002f63      0x10c .\CortexM0p\ARM_GCC_493\Debug\OLED.a(I2COLED_I2C_INT.o)
 .debug_loc     0x0000306f      0x144 .\CortexM0p\ARM_GCC_493\Debug\OLED.a(CyFlash.o)

.debug_macinfo
 *(.debug_macinfo)

.debug_ranges   0x00000000      0x600
 *(.debug_ranges)
 .debug_ranges  0x00000000       0x10 .\CortexM0p\ARM_GCC_493\Debug\main.o
 .debug_ranges  0x00000010      0x108 .\CortexM0p\ARM_GCC_493\Debug\ssd1306.o
 .debug_ranges  0x00000118       0x38 .\CortexM0p\ARM_GCC_493\Debug\Cm0plusStart.o
 .debug_ranges  0x00000150       0x20 .\CortexM0p\ARM_GCC_493\Debug\OLED.a(cyfitter_cfg.o)
 .debug_ranges  0x00000170       0x50 .\CortexM0p\ARM_GCC_493\Debug\OLED.a(I2COLED.o)
 .debug_ranges  0x000001c0       0x18 .\CortexM0p\ARM_GCC_493\Debug\OLED.a(I2COLED_I2C.o)
 .debug_ranges  0x000001d8       0x78 .\CortexM0p\ARM_GCC_493\Debug\OLED.a(I2COLED_I2C_MASTER.o)
 .debug_ranges  0x00000250      0x1d8 .\CortexM0p\ARM_GCC_493\Debug\OLED.a(CyLib.o)
 .debug_ranges  0x00000428      0x198 .\CortexM0p\ARM_GCC_493\Debug\OLED.a(CyLFClk.o)
 .debug_ranges  0x000005c0       0x10 .\CortexM0p\ARM_GCC_493\Debug\OLED.a(I2COLED_I2C_INT.o)
 .debug_ranges  0x000005d0       0x30 .\CortexM0p\ARM_GCC_493\Debug\OLED.a(CyFlash.o)

.comment        0x00000000       0x70
 .comment       0x00000000       0x70 .\CortexM0p\ARM_GCC_493\Debug\main.o
                                 0x71 (size before relaxing)
 .comment       0x00000000       0x71 .\CortexM0p\ARM_GCC_493\Debug\ssd1306.o
 .comment       0x00000000       0x71 .\CortexM0p\ARM_GCC_493\Debug\cymetadata.o
 .comment       0x00000000       0x71 .\CortexM0p\ARM_GCC_493\Debug\Cm0plusStart.o
 .comment       0x00000000       0x71 .\CortexM0p\ARM_GCC_493\Debug\OLED.a(cyfitter_cfg.o)
 .comment       0x00000000       0x71 .\CortexM0p\ARM_GCC_493\Debug\OLED.a(I2COLED.o)
 .comment       0x00000000       0x71 .\CortexM0p\ARM_GCC_493\Debug\OLED.a(I2COLED_I2C.o)
 .comment       0x00000000       0x71 .\CortexM0p\ARM_GCC_493\Debug\OLED.a(I2COLED_I2C_MASTER.o)
 .comment       0x00000000       0x71 .\CortexM0p\ARM_GCC_493\Debug\OLED.a(CyLib.o)
 .comment       0x00000000       0x71 .\CortexM0p\ARM_GCC_493\Debug\OLED.a(CyLFClk.o)
 .comment       0x00000000       0x71 .\CortexM0p\ARM_GCC_493\Debug\OLED.a(I2COLED_I2C_INT.o)
 .comment       0x00000000       0x71 .\CortexM0p\ARM_GCC_493\Debug\OLED.a(CyFlash.o)

.debug_weaknames
 *(.debug_weaknames)

.debug_funcnames
 *(.debug_funcnames)

.debug_typenames
 *(.debug_typenames)

.debug_varnames
 *(.debug_varnames)

.note.gnu.arm.ident
 *(.note.gnu.arm.ident)

.ARM.attributes
                0x00000000       0x28
 *(.ARM.attributes)
 .ARM.attributes
                0x00000000       0x1e c:/program files (x86)/cypress/psoc creator/4.0/psoc creator/import/gnu/arm/4.9.3/bin/../lib/gcc/arm-none-eabi/4.9.3/armv6-m/crti.o
 .ARM.attributes
                0x0000001e       0x2c c:/program files (x86)/cypress/psoc creator/4.0/psoc creator/import/gnu/arm/4.9.3/bin/../lib/gcc/arm-none-eabi/4.9.3/armv6-m/crtbegin.o
 .ARM.attributes
                0x0000004a       0x1b c:/program files (x86)/cypress/psoc creator/4.0/psoc creator/import/gnu/arm/4.9.3/bin/../lib/gcc/arm-none-eabi/4.9.3/../../../../arm-none-eabi/lib/armv6-m/crt0.o
 .ARM.attributes
                0x00000065       0x32 .\CortexM0p\ARM_GCC_493\Debug\main.o
 .ARM.attributes
                0x00000097       0x32 .\CortexM0p\ARM_GCC_493\Debug\ssd1306.o
 .ARM.attributes
                0x000000c9       0x32 .\CortexM0p\ARM_GCC_493\Debug\cymetadata.o
 .ARM.attributes
                0x000000fb       0x32 .\CortexM0p\ARM_GCC_493\Debug\Cm0plusStart.o
 .ARM.attributes
                0x0000012d       0x32 .\CortexM0p\ARM_GCC_493\Debug\OLED.a(cyfitter_cfg.o)
 .ARM.attributes
                0x0000015f       0x32 .\CortexM0p\ARM_GCC_493\Debug\OLED.a(I2COLED.o)
 .ARM.attributes
                0x00000191       0x32 .\CortexM0p\ARM_GCC_493\Debug\OLED.a(I2COLED_I2C.o)
 .ARM.attributes
                0x000001c3       0x32 .\CortexM0p\ARM_GCC_493\Debug\OLED.a(I2COLED_I2C_MASTER.o)
 .ARM.attributes
                0x000001f5       0x32 .\CortexM0p\ARM_GCC_493\Debug\OLED.a(CyLib.o)
 .ARM.attributes
                0x00000227       0x32 .\CortexM0p\ARM_GCC_493\Debug\OLED.a(CyLFClk.o)
 .ARM.attributes
                0x00000259       0x22 .\CortexM0p\ARM_GCC_493\Debug\OLED.a(CyBootAsmGnu.o)
 .ARM.attributes
                0x0000027b       0x32 .\CortexM0p\ARM_GCC_493\Debug\OLED.a(I2COLED_I2C_INT.o)
 .ARM.attributes
                0x000002ad       0x32 .\CortexM0p\ARM_GCC_493\Debug\OLED.a(CyFlash.o)
 .ARM.attributes
                0x000002df       0x1e c:/program files (x86)/cypress/psoc creator/4.0/psoc creator/import/gnu/arm/4.9.3/bin/../lib/gcc/arm-none-eabi/4.9.3/armv6-m\libgcc.a(_udivsi3.o)
 .ARM.attributes
                0x000002fd       0x1e c:/program files (x86)/cypress/psoc creator/4.0/psoc creator/import/gnu/arm/4.9.3/bin/../lib/gcc/arm-none-eabi/4.9.3/armv6-m\libgcc.a(_dvmd_tls.o)
 .ARM.attributes
                0x0000031b       0x2c c:/program files (x86)/cypress/psoc creator/4.0/psoc creator/import/gnu/arm/4.9.3/bin/../lib/gcc/arm-none-eabi/4.9.3/../../../../arm-none-eabi/lib/armv6-m\libg_nano.a(lib_a-errno.o)
 .ARM.attributes
                0x00000347       0x2c c:/program files (x86)/cypress/psoc creator/4.0/psoc creator/import/gnu/arm/4.9.3/bin/../lib/gcc/arm-none-eabi/4.9.3/../../../../arm-none-eabi/lib/armv6-m\libg_nano.a(lib_a-exit.o)
 .ARM.attributes
                0x00000373       0x2c c:/program files (x86)/cypress/psoc creator/4.0/psoc creator/import/gnu/arm/4.9.3/bin/../lib/gcc/arm-none-eabi/4.9.3/../../../../arm-none-eabi/lib/armv6-m\libg_nano.a(lib_a-impure.o)
 .ARM.attributes
                0x0000039f       0x2c c:/program files (x86)/cypress/psoc creator/4.0/psoc creator/import/gnu/arm/4.9.3/bin/../lib/gcc/arm-none-eabi/4.9.3/../../../../arm-none-eabi/lib/armv6-m\libg_nano.a(lib_a-init.o)
 .ARM.attributes
                0x000003cb       0x2c c:/program files (x86)/cypress/psoc creator/4.0/psoc creator/import/gnu/arm/4.9.3/bin/../lib/gcc/arm-none-eabi/4.9.3/../../../../arm-none-eabi/lib/armv6-m\libg_nano.a(lib_a-memcpy.o)
 .ARM.attributes
                0x000003f7       0x2c c:/program files (x86)/cypress/psoc creator/4.0/psoc creator/import/gnu/arm/4.9.3/bin/../lib/gcc/arm-none-eabi/4.9.3/../../../../arm-none-eabi/lib/armv6-m\libg_nano.a(lib_a-memset.o)
 .ARM.attributes
                0x00000423       0x2c c:/program files (x86)/cypress/psoc creator/4.0/psoc creator/import/gnu/arm/4.9.3/bin/../lib/gcc/arm-none-eabi/4.9.3/../../../../arm-none-eabi/lib/armv6-m\libg_nano.a(lib_a-strlen.o)
 .ARM.attributes
                0x0000044f       0x2c c:/program files (x86)/cypress/psoc creator/4.0/psoc creator/import/gnu/arm/4.9.3/bin/../lib/gcc/arm-none-eabi/4.9.3/armv6-m/crtend.o
 .ARM.attributes
                0x0000047b       0x1e c:/program files (x86)/cypress/psoc creator/4.0/psoc creator/import/gnu/arm/4.9.3/bin/../lib/gcc/arm-none-eabi/4.9.3/armv6-m/crtn.o

/DISCARD/
 *(.note.GNU-stack)
OUTPUT(.\CortexM0p\ARM_GCC_493\Debug\OLED.elf elf32-littlearm)
